Component: ARM Compiler 5.06 update 6 (build 750) Tool: armlink [4d35ed]

==============================================================================

Section Cross References

    main.o(i.main) refers to _printf_percent.o(.ARM.Collect$$_printf_percent$$00000000) for _printf_percent
    main.o(i.main) refers to _printf_s.o(.ARM.Collect$$_printf_percent$$00000014) for _printf_s
    main.o(i.main) refers to _printf_str.o(.text) for _printf_str
    main.o(i.main) refers to delay.o(i.delay_init) for delay_init
    main.o(i.main) refers to misc.o(i.NVIC_PriorityGroupConfig) for NVIC_PriorityGroupConfig
    main.o(i.main) refers to usart.o(i.uart_init) for uart_init
    main.o(i.main) refers to usart3.o(i.usart3_init) for usart3_init
    main.o(i.main) refers to led.o(i.LED_Init) for LED_Init
    main.o(i.main) refers to beep.o(i.BEEP_Init) for BEEP_Init
    main.o(i.main) refers to esp8266.o(i.esp8266_send_cmd) for esp8266_send_cmd
    main.o(i.main) refers to esp8266.o(i.esp8266_set_mode) for esp8266_set_mode
    main.o(i.main) refers to delay.o(i.delay_ms) for delay_ms
    main.o(i.main) refers to esp8266.o(i.set_wifi_sta) for set_wifi_sta
    main.o(i.main) refers to esp8266.o(i.atk_8266_ip_set) for atk_8266_ip_set
    main.o(i.main) refers to esp8266.o(i.esp8266_sta_mode_config) for esp8266_sta_mode_config
    main.o(i.main) refers to esp8266.o(i.esp8266_ap_mode_config) for esp8266_ap_mode_config
    main.o(i.main) refers to esp8266.o(i.esp8266_mode_config) for esp8266_mode_config
    main.o(i.main) refers to esp8266.o(i.esp8266_send_data) for esp8266_send_data
    main.o(i.main) refers to esp8266.o(i.esp8266_receive_data) for esp8266_receive_data
    main.o(i.main) refers to __2printf.o(.text) for __2printf
    main.o(i.main) refers to strstr.o(.text) for strstr
    main.o(i.main) refers to stm32f4xx_gpio.o(i.GPIO_ResetBits) for GPIO_ResetBits
    main.o(i.main) refers to stm32f4xx_gpio.o(i.GPIO_SetBits) for GPIO_SetBits
    main.o(i.main) refers to main.o(.data) for work_mode
    main.o(.data) refers to main.o(.conststring) for .conststring
    system_stm32f4xx.o(i.SystemCoreClockUpdate) refers to system_stm32f4xx.o(.data) for SystemCoreClock
    system_stm32f4xx.o(i.SystemInit) refers to system_stm32f4xx.o(i.SetSysClock) for SetSysClock
    startup_stm32f40_41xxx.o(STACK) refers (Special) to heapauxi.o(.text) for __use_two_region_memory
    startup_stm32f40_41xxx.o(HEAP) refers (Special) to heapauxi.o(.text) for __use_two_region_memory
    startup_stm32f40_41xxx.o(RESET) refers (Special) to heapauxi.o(.text) for __use_two_region_memory
    startup_stm32f40_41xxx.o(RESET) refers to startup_stm32f40_41xxx.o(STACK) for __initial_sp
    startup_stm32f40_41xxx.o(RESET) refers to startup_stm32f40_41xxx.o(.text) for Reset_Handler
    startup_stm32f40_41xxx.o(RESET) refers to stm32f4xx_it.o(i.NMI_Handler) for NMI_Handler
    startup_stm32f40_41xxx.o(RESET) refers to stm32f4xx_it.o(i.HardFault_Handler) for HardFault_Handler
    startup_stm32f40_41xxx.o(RESET) refers to stm32f4xx_it.o(i.MemManage_Handler) for MemManage_Handler
    startup_stm32f40_41xxx.o(RESET) refers to stm32f4xx_it.o(i.BusFault_Handler) for BusFault_Handler
    startup_stm32f40_41xxx.o(RESET) refers to stm32f4xx_it.o(i.UsageFault_Handler) for UsageFault_Handler
    startup_stm32f40_41xxx.o(RESET) refers to stm32f4xx_it.o(i.SVC_Handler) for SVC_Handler
    startup_stm32f40_41xxx.o(RESET) refers to stm32f4xx_it.o(i.DebugMon_Handler) for DebugMon_Handler
    startup_stm32f40_41xxx.o(RESET) refers to stm32f4xx_it.o(i.PendSV_Handler) for PendSV_Handler
    startup_stm32f40_41xxx.o(RESET) refers to stm32f4xx_it.o(i.SysTick_Handler) for SysTick_Handler
    startup_stm32f40_41xxx.o(RESET) refers to usart.o(i.USART1_IRQHandler) for USART1_IRQHandler
    startup_stm32f40_41xxx.o(RESET) refers to usart3.o(i.USART3_IRQHandler) for USART3_IRQHandler
    startup_stm32f40_41xxx.o(RESET) refers to sdio_sdcard.o(i.SDIO_IRQHandler) for SDIO_IRQHandler
    startup_stm32f40_41xxx.o(RESET) refers to timer.o(i.TIM7_IRQHandler) for TIM7_IRQHandler
    startup_stm32f40_41xxx.o(.text) refers (Special) to heapauxi.o(.text) for __use_two_region_memory
    startup_stm32f40_41xxx.o(.text) refers to system_stm32f4xx.o(i.SystemInit) for SystemInit
    startup_stm32f40_41xxx.o(.text) refers to __main.o(!!!main) for __main
    startup_stm32f40_41xxx.o(.text) refers to startup_stm32f40_41xxx.o(HEAP) for Heap_Mem
    startup_stm32f40_41xxx.o(.text) refers to startup_stm32f40_41xxx.o(STACK) for Stack_Mem
    delay.o(i.delay_init) refers to misc.o(i.SysTick_CLKSourceConfig) for SysTick_CLKSourceConfig
    delay.o(i.delay_init) refers to delay.o(.data) for fac_us
    delay.o(i.delay_ms) refers to delay.o(i.delay_xms) for delay_xms
    delay.o(i.delay_us) refers to delay.o(.data) for fac_us
    delay.o(i.delay_xms) refers to delay.o(.data) for fac_ms
    usart.o(.rev16_text) refers (Special) to use_no_semi_2.o(.text) for __use_no_semihosting
[...]
    .text                                    0x080011dc   Section        0  _printf_fp_infnan.o(.text)
    .text                                    0x0800125c   Section        0  bigflt0.o(.text)
    .text                                    0x08001340   Section        0  exit.o(.text)
    CL$$btod_d2e                             0x08001352   Section       62  btod.o(CL$$btod_d2e)
    CL$$btod_d2e_denorm_low                  0x08001390   Section       70  btod.o(CL$$btod_d2e_denorm_low)
    CL$$btod_d2e_norm_op1                    0x080013d6   Section       96  btod.o(CL$$btod_d2e_norm_op1)
    CL$$btod_div_common                      0x08001436   Section      824  btod.o(CL$$btod_div_common)
    CL$$btod_e2e                             0x0800176e   Section      220  btod.o(CL$$btod_e2e)
    CL$$btod_ediv                            0x0800184a   Section       42  btod.o(CL$$btod_ediv)
    CL$$btod_emul                            0x08001874   Section       42  btod.o(CL$$btod_emul)
    CL$$btod_mult_common                     0x0800189e   Section      580  btod.o(CL$$btod_mult_common)
    i.BEEP_Init                              0x08001ae4   Section        0  beep.o(i.BEEP_Init)
    i.BusFault_Handler                       0x08001b24   Section        0  stm32f4xx_it.o(i.BusFault_Handler)
    i.CmdResp1Error                          0x08001b28   Section        0  sdio_sdcard.o(i.CmdResp1Error)
    i.DebugMon_Handler                       0x08001b8c   Section        0  stm32f4xx_it.o(i.DebugMon_Handler)
    i.GPIO_Init                              0x08001b8e   Section        0  stm32f4xx_gpio.o(i.GPIO_Init)
    i.GPIO_PinAFConfig                       0x08001c1e   Section        0  stm32f4xx_gpio.o(i.GPIO_PinAFConfig)
    i.GPIO_ResetBits                         0x08001c64   Section        0  stm32f4xx_gpio.o(i.GPIO_ResetBits)
    i.GPIO_SetBits                           0x08001c68   Section        0  stm32f4xx_gpio.o(i.GPIO_SetBits)
    i.HardFault_Handler                      0x08001c6c   Section        0  stm32f4xx_it.o(i.HardFault_Handler)
    i.LED_Init                               0x08001c70   Section        0  led.o(i.LED_Init)
    i.MemManage_Handler                      0x08001cb0   Section        0  stm32f4xx_it.o(i.MemManage_Handler)
    i.NMI_Handler                            0x08001cb4   Section        0  stm32f4xx_it.o(i.NMI_Handler)
    i.NVIC_Init                              0x08001cb8   Section        0  misc.o(i.NVIC_Init)
    i.NVIC_PriorityGroupConfig               0x08001d30   Section        0  misc.o(i.NVIC_PriorityGroupConfig)
    i.PendSV_Handler                         0x08001d44   Section        0  stm32f4xx_it.o(i.PendSV_Handler)
    i.RCC_AHB1PeriphClockCmd                 0x08001d48   Section        0  stm32f4xx_rcc.o(i.RCC_AHB1PeriphClockCmd)
    i.RCC_APB1PeriphClockCmd                 0x08001d68   Section        0  stm32f4xx_rcc.o(i.RCC_APB1PeriphClockCmd)
    i.RCC_APB1PeriphResetCmd                 0x08001d88   Section        0  stm32f4xx_rcc.o(i.RCC_APB1PeriphResetCmd)
    i.RCC_APB2PeriphClockCmd                 0x08001da8   Section        0  stm32f4xx_rcc.o(i.RCC_APB2PeriphClockCmd)
    i.RCC_APB2PeriphResetCmd                 0x08001dc8   Section        0  stm32f4xx_rcc.o(i.RCC_APB2PeriphResetCmd)
    i.RCC_GetClocksFreq                      0x08001de8   Section        0  stm32f4xx_rcc.o(i.RCC_GetClocksFreq)
    i.SDIO_ClearFlag                         0x08001ed0   Section        0  stm32f4xx_sdio.o(i.SDIO_ClearFlag)
    i.SDIO_GetFlagStatus                     0x08001edc   Section        0  stm32f4xx_sdio.o(i.SDIO_GetFlagStatus)
    i.SDIO_IRQHandler                        0x08001ef4   Section        0  sdio_sdcard.o(i.SDIO_IRQHandler)
    i.SDIO_SendCommand                       0x08001efc   Section        0  stm32f4xx_sdio.o(i.SDIO_SendCommand)
    i.SD_ProcessIRQSrc                       0x08001f28   Section        0  sdio_sdcard.o(i.SD_ProcessIRQSrc)
    i.SVC_Handler                            0x0800207c   Section        0  stm32f4xx_it.o(i.SVC_Handler)
    i.SetSysClock                            0x08002080   Section        0  system_stm32f4xx.o(i.SetSysClock)
    SetSysClock                              0x08002081   Thumb Code   220  system_stm32f4xx.o(i.SetSysClock)
    i.SysTick_CLKSourceConfig                0x0800216c   Section        0  misc.o(i.SysTick_CLKSourceConfig)
    i.SysTick_Handler                        0x08002194   Section        0  stm32f4xx_it.o(i.SysTick_Handler)
    i.SystemInit                             0x08002198   Section        0  system_stm32f4xx.o(i.SystemInit)
    i.TIM7_IRQHandler                        0x08002200   Section        0  timer.o(i.TIM7_IRQHandler)
    i.TIM7_Int_Init                          0x08002234   Section        0  timer.o(i.TIM7_Int_Init)
    i.TIM_ClearITPendingBit                  0x08002288   Section        0  stm32f4xx_tim.o(i.TIM_ClearITPendingBit)
    i.TIM_Cmd                                0x0800228e   Section        0  stm32f4xx_tim.o(i.TIM_Cmd)
    i.TIM_GetITStatus                        0x080022a6   Section        0  stm32f4xx_tim.o(i.TIM_GetITStatus)
    i.TIM_ITConfig                           0x080022c8   Section        0  stm32f4xx_tim.o(i.TIM_ITConfig)
    i.TIM_SetCounter                         0x080022da   Section        0  stm32f4xx_tim.o(i.TIM_SetCounter)
    i.TIM_TimeBaseInit                       0x080022e0   Section        0  stm32f4xx_tim.o(i.TIM_TimeBaseInit)
    i.USART1_IRQHandler                      0x08002364   Section        0  usart.o(i.USART1_IRQHandler)
    i.USART3_IRQHandler                      0x080023ec   Section        0  usart3.o(i.USART3_IRQHandler)
    i.USART_ClearFlag                        0x08002468   Section        0  stm32f4xx_usart.o(i.USART_ClearFlag)
    i.USART_Cmd                              0x0800247a   Section        0  stm32f4xx_usart.o(i.USART_Cmd)
    i.USART_DeInit                           0x08002494   Section        0  stm32f4xx_usart.o(i.USART_DeInit)
    i.USART_GetFlagStatus                    0x08002584   Section        0  stm32f4xx_usart.o(i.USART_GetFlagStatus)
    i.USART_GetITStatus                      0x0800259e   Section        0  stm32f4xx_usart.o(i.USART_GetITStatus)
    i.USART_ITConfig                         0x080025f2   Section        0  stm32f4xx_usart.o(i.USART_ITConfig)
    i.USART_Init                             0x0800263c   Section        0  stm32f4xx_usart.o(i.USART_Init)
    i.USART_ReceiveData                      0x08002710   Section        0  stm32f4xx_usart.o(i.USART_ReceiveData)
    i.USART_SendData                         0x0800271a   Section        0  stm32f4xx_usart.o(i.USART_SendData)
    i.UsageFault_Handler                     0x08002722   Section        0  stm32f4xx_it.o(i.UsageFault_Handler)
    i.__ARM_fpclassify                       0x08002726   Section        0  fpclassify.o(i.__ARM_fpclassify)
    i._is_digit                              0x08002756   Section        0  __printf_wp.o(i._is_digit)
    i._sys_exit                              0x08002764   Section        0  usart.o(i._sys_exit)
    i.atk_8266_ip_set                        0x0800276c   Section        0  esp8266.o(i.atk_8266_ip_set)
    i.delay_init                             0x080027bc   Section        0  delay.o(i.delay_init)
    i.delay_ms                               0x080027f8   Section        0  delay.o(i.delay_ms)
    i.delay_xms                              0x08002830   Section        0  delay.o(i.delay_xms)
    i.esp8266_ap_mode_config                 0x0800287c   Section        0  esp8266.o(i.esp8266_ap_mode_config)
    i.esp8266_check_cmd                      0x08002990   Section        0  esp8266.o(i.esp8266_check_cmd)
    i.esp8266_mode_config                    0x080029c4   Section        0  esp8266.o(i.esp8266_mode_config)
    i.esp8266_quit_trans                     0x08002a88   Section        0  esp8266.o(i.esp8266_quit_trans)
    i.esp8266_receive_data                   0x08002af8   Section        0  esp8266.o(i.esp8266_receive_data)
    i.esp8266_send_cmd                       0x08002b54   Section        0  esp8266.o(i.esp8266_send_cmd)
    i.esp8266_send_data                      0x08002bb4   Section        0  esp8266.o(i.esp8266_send_data)
    i.esp8266_set_mode                       0x08002c3c   Section        0  esp8266.o(i.esp8266_set_mode)
    i.esp8266_sta_mode_config                0x08002cb4   Section        0  esp8266.o(i.esp8266_sta_mode_config)
    i.fputc                                  0x08002e04   Section        0  usart.o(i.fputc)
    i.main                                   0x08002e20   Section        0  main.o(i.main)
    i.set_wifi_sta                           0x08002fe4   Section        0  esp8266.o(i.set_wifi_sta)
    i.u3_printf                              0x08003028   Section        0  usart3.o(i.u3_printf)
    i.uart_init                              0x08003078   Section        0  usart.o(i.uart_init)
    i.usart3_init                            0x0800312c   Section        0  usart3.o(i.usart3_init)
    locale$$code                             0x08003204   Section       44  lc_numeric_c.o(locale$$code)
    locale$$code                             0x08003230   Section       44  lc_ctype_c.o(locale$$code)
    x$fpl$fpinit                             0x0800325c   Section       10  fpinit.o(x$fpl$fpinit)
    $v0                                      0x0800325c   Number         0  fpinit.o(x$fpl$fpinit)
    x$fpl$printf1                            0x08003266   Section        4  printf1.o(x$fpl$printf1)
    $v0                                      0x08003266   Number         0  printf1.o(x$fpl$printf1)
    .constdata                               0x0800326a   Section       40  _printf_hex_int_ll_ptr.o(.constdata)
    x$fpl$usenofp                            0x0800326a   Section        0  usenofp.o(x$fpl$usenofp)
    uc_hextab                                0x0800326a   Data          20  _printf_hex_int_ll_ptr.o(.constdata)
    lc_hextab                                0x0800327e   Data          20  _printf_hex_int_ll_ptr.o(.constdata)
    .constdata                               0x08003292   Section       17  __printf_flags_ss_wp.o(.constdata)
    maptable                                 0x08003292   Data          17  __printf_flags_ss_wp.o(.constdata)
    .constdata                               0x080032a4   Section        8  _printf_wctomb.o(.constdata)
    initial_mbstate                          0x080032a4   Data           8  _printf_wctomb.o(.constdata)
    .constdata                               0x080032ac   Section      148  bigflt0.o(.constdata)
    tenpwrs_x                                0x080032ac   Data          60  bigflt0.o(.constdata)
    tenpwrs_i                                0x080032e8   Data          64  bigflt0.o(.constdata)
    .conststring                             0x08003340   Section       52  main.o(.conststring)
    .conststring                             0x08003374   Section        5  esp8266.o(.conststring)
    locale$$data                             0x0800339c   Section       28  lc_numeric_c.o(locale$$data)
    __lcnum_c_name                           0x080033a0   Data           2  lc_numeric_c.o(locale$$data)
    __lcnum_c_start                          0x080033a8   Data           0  lc_numeric_c.o(locale$$data)
    __lcnum_c_point                          0x080033b4   Data           0  lc_numeric_c.o(locale$$data)
    __lcnum_c_thousands                      0x080033b6   Data           0  lc_numeric_c.o(locale$$data)
    __lcnum_c_grouping                       0x080033b7   Data           0  lc_numeric_c.o(locale$$data)
    locale$$data                             0x080033b8   Section      272  lc_ctype_c.o(locale$$data)
    __lcnum_c_end                            0x080033b8   Data           0  lc_numeric_c.o(locale$$data)
    __lcctype_c_name                         0x080033bc   Data           2  lc_ctype_c.o(locale$$data)
    __lcctype_c_start                        0x080033c4   Data           0  lc_ctype_c.o(locale$$data)
    __lcctype_c_end                          0x080034c8   Data           0  lc_ctype_c.o(locale$$data)
    .ARM.__AT_0x10000000                     0x10000000   Section    61440  malloc.o(.ARM.__AT_0x10000000)
    .ARM.__AT_0x1000F000                     0x1000f000   Section     3840  malloc.o(.ARM.__AT_0x1000F000)
    .data                                    0x20000000   Section       21  main.o(.data)
    .data                                    0x20000016   Section        4  delay.o(.data)
    fac_us                                   0x20000016   Data           1  delay.o(.data)
    fac_ms                                   0x20000018   Data           2  delay.o(.data)
    .data                                    0x2000001c   Section        6  usart.o(.data)
    .data                                    0x20000022   Section       16  stm32f4xx_rcc.o(.data)
    APBAHBPrescTable                         0x20000022   Data          16  stm32f4xx_rcc.o(.data)
    .data                                    0x20000034   Section       16  sdio_sdcard.o(.data)
    CardType                                 0x20000034   Data           1  sdio_sdcard.o(.data)
    RCA                                      0x20000038   Data           4  sdio_sdcard.o(.data)
    DeviceMode                               0x2000003c   Data           1  sdio_sdcard.o(.data)
    StopCondition                            0x2000003d   Data           1  sdio_sdcard.o(.data)
    .data                                    0x20000044   Section        3  usart3.o(.data)
    .data                                    0x20000048   Section       12  esp8266.o(.data)
    .bss                                     0x20000054   Section      200  usart.o(.bss)
    .bss                                     0x20000120   Section      704  sdio_sdcard.o(.bss)
    CSD_Tab                                  0x20000164   Data          16  sdio_sdcard.o(.bss)
    CID_Tab                                  0x20000174   Data          16  sdio_sdcard.o(.bss)
    .bss                                     0x200003e0   Section      800  usart3.o(.bss)
    .bss                                     0x20000700   Section      248  esp8266.o(.bss)
    wifi_msg                                 0x20000730   Data         200  esp8266.o(.bss)
    .bss                                     0x200007f8   Section       96  libspace.o(.bss)
    HEAP                                     0x20000858   Section      512  startup_stm32f40_41xxx.o(HEAP)
    Heap_Mem                                 0x20000858   Data         512  startup_stm32f40_41xxx.o(HEAP)
    STACK                                    0x20000a58   Section     1024  startup_stm32f40_41xxx.o(STACK)
    Stack_Mem                                0x20000a58   Data        1024  startup_stm32f40_41xxx.o(STACK)
    __initial_sp                             0x20000e58   Data           0  startup_stm32f40_41xxx.o(STACK)
    .ARM.__AT_0x68000000                     0x68000000   Section    983040  malloc.o(.ARM.__AT_0x68000000)
    .ARM.__AT_0x680F0000                     0x680f0000   Section    61440  malloc.o(.ARM.__AT_0x680F0000)

    Global Symbols

    Symbol Name                              Value     Ov Type        Size  Object(Section)

    BuildAttributes$$THM_ISAv4$E$P$D$K$B$S$7EM$VFPi3$EXTD16$VFPS$VFMA$PE$A:L22UL41UL21$X:L11$S22US41US21$IEEE1$IW$USESV6$~STKCKD$USESV7$~SHL$OTIME$ROPI$IEEEJ$EBA8$UX$STANDARDLIB$REQ8$PRES8$EABIv2 0x00000000   Number         0  anon$$obj.o ABSOLUTE
    __ARM_use_no_argv                        0x00000000   Number         0  main.o ABSOLUTE
    _printf_flags                            0x00000000   Number         0  printf_stubs.o ABSOLUTE
    _printf_return_value                     0x00000000   Number         0  printf_stubs.o ABSOLUTE
    _printf_sizespec                         0x00000000   Number         0  printf_stubs.o ABSOLUTE
    _printf_widthprec                        0x00000000   Number         0  printf_stubs.o ABSOLUTE
    __ARM_exceptions_init                     - Undefined Weak Reference
    __alloca_initialize                       - Undefined Weak Reference
    __arm_preinit_                            - Undefined Weak Reference
    __cpp_initialize__aeabi_                  - Undefined Weak Reference
    __cxa_finalize                            - Undefined Weak Reference
    __sigvec_lookup                           - Undefined Weak Reference
    _atexit_init                              - Undefined Weak Reference
    _call_atexit_fns                          - Undefined Weak Reference
    _clock_init                               - Undefined Weak Reference
    _fp_trap_init                             - Undefined Weak Reference
    _fp_trap_shutdown                         - Undefined Weak Reference
    _get_lc_collate                           - Undefined Weak Reference
    _get_lc_monetary                          - Undefined Weak Reference
    _get_lc_time                              - Undefined Weak Reference
    _getenv_init                              - Undefined Weak Reference
    _handle_redirection                       - Undefined Weak Reference
    _init_alloc                               - Undefined Weak Reference
    _init_user_alloc                          - Undefined Weak Reference
    _initio                                   - Undefined Weak Reference
    _mutex_acquire                            - Undefined Weak Reference
    _mutex_release                            - Undefined Weak Reference
    _printf_fp_hex                            - Undefined Weak Reference
    _printf_mbtowc                            - Undefined Weak Reference
    _printf_wc                                - Undefined Weak Reference
    _rand_init                                - Undefined Weak Reference
    _signal_finish                            - Undefined Weak Reference
    _signal_init                              - Undefined Weak Reference
    _terminate_alloc                          - Undefined Weak Reference
    _terminate_user_alloc                     - Undefined Weak Reference
    _terminateio                              - Undefined Weak Reference
    __Vectors_Size                           0x00000188   Number         0  startup_stm32f40_41xxx.o ABSOLUTE
    __Vectors                                0x08000000   Data           4  startup_stm32f40_41xxx.o(RESET)
    __Vectors_End                            0x08000188   Data           0  startup_stm32f40_41xxx.o(RESET)
    __main                                   0x08000189   Thumb Code     8  __main.o(!!!main)
    __scatterload                            0x08000191   Thumb Code     0  __scatter.o(!!!scatter)
    __scatterload_rt2                        0x08000191   Thumb Code    44  __scatter.o(!!!scatter)
    __scatterload_rt2_thumb_only             0x08000191   Thumb Code     0  __scatter.o(!!!scatter)
    __scatterload_null                       0x0800019f   Thumb Code     0  __scatter.o(!!!scatter)
    __scatterload_copy                       0x080001c5   Thumb Code    26  __scatter_copy.o(!!handler_copy)
    __scatterload_zeroinit                   0x080001e1   Thumb Code    28  __scatter_zi.o(!!handler_zi)
    _printf_n                                0x080001fd   Thumb Code     0  _printf_n.o(.ARM.Collect$$_printf_percent$$00000001)
    _printf_percent                          0x080001fd   Thumb Code     0  _printf_percent.o(.ARM.Collect$$_printf_percent$$00000000)
    _printf_p                                0x08000203   Thumb Code     0  _printf_p.o(.ARM.Collect$$_printf_percent$$00000002)
    _printf_f                                0x08000209   Thumb Code     0  _printf_f.o(.ARM.Collect$$_printf_percent$$00000003)
    _printf_e                                0x0800020f   Thumb Code     0  _printf_e.o(.ARM.Collect$$_printf_percent$$00000004)
    _printf_g                                0x08000215   Thumb Code     0  _printf_g.o(.ARM.Collect$$_printf_percent$$00000005)
    _printf_a                                0x0800021b   Thumb Code     0  _printf_a.o(.ARM.Collect$$_printf_percent$$00000006)
    _printf_ll                               0x08000221   Thumb Code     0  _printf_ll.o(.ARM.Collect$$_printf_percent$$00000007)
    _printf_i                                0x0800022b   Thumb Code     0  _printf_i.o(.ARM.Collect$$_printf_percent$$00000008)
    _printf_d                                0x08000231   Thumb Code     0  _printf_d.o(.ARM.Collect$$_printf_percent$$00000009)
    _printf_u                                0x08000237   Thumb Code     0  _printf_u.o(.ARM.Collect$$_printf_percent$$0000000A)
    _printf_o                                0x0800023d   Thumb Code     0  _printf_o.o(.ARM.Collect$$_printf_percent$$0000000B)
    _printf_x                                0x08000243   Thumb Code     0  _printf_x.o(.ARM.Collect$$_printf_percent$$0000000C)
    _printf_lli                              0x08000249   Thumb Code     0  _printf_lli.o(.ARM.Collect$$_printf_percent$$0000000D)
    _printf_lld                              0x0800024f   Thumb Code     0  _printf_lld.o(.ARM.Collect$$_printf_percent$$0000000E)
    _printf_llu                              0x08000255   Thumb Code     0  _printf_llu.o(.ARM.Collect$$_printf_percent$$0000000F)
    _printf_llo                              0x0800025b   Thumb Code     0  _printf_llo.o(.ARM.Collect$$_printf_percent$$00000010)
    _printf_llx                              0x08000261   Thumb Code     0  _printf_llx.o(.ARM.Collect$$_printf_percent$$00000011)
    _printf_l                                0x08000267   Thumb Code     0  _printf_l.o(.ARM.Collect$$_printf_percent$$00000012)
    _printf_c                                0x08000271   Thumb Code     0  _printf_c.o(.ARM.Collect$$_printf_percent$$00000013)
    _printf_s                                0x08000277   Thumb Code     0  _printf_s.o(.ARM.Collect$$_printf_percent$$00000014)
    _printf_lc                               0x0800027d   Thumb Code     0  _printf_lc.o(.ARM.Collect$$_printf_percent$$00000015)
    _printf_ls                               0x08000283   Thumb Code     0  _printf_ls.o(.ARM.Collect$$_printf_percent$$00000016)
    _printf_percent_end                      0x08000289   Thumb Code     0  _printf_percent_end.o(.ARM.Collect$$_printf_percent$$00000017)
    __rt_lib_init                            0x0800028d   Thumb Code     0  libinit.o(.ARM.Collect$$libinit$$00000000)
    __rt_lib_init_fp_1                       0x0800028f   Thumb Code     0  libinit2.o(.ARM.Collect$$libinit$$00000001)
    __rt_lib_init_heap_1                     0x08000293   Thumb Code     0  libinit2.o(.ARM.Collect$$libinit$$0000000A)
    __rt_lib_init_lc_common                  0x08000293   Thumb Code     0  libinit2.o(.ARM.Collect$$libinit$$0000000F)
    __rt_lib_init_preinit_1                  0x08000293   Thumb Code     0  libinit2.o(.ARM.Collect$$libinit$$00000004)
    __rt_lib_init_rand_1                     0x08000293   Thumb Code     0  libinit2.o(.ARM.Collect$$libinit$$0000000E)
    __rt_lib_init_user_alloc_1               0x08000293   Thumb Code     0  libinit2.o(.ARM.Collect$$libinit$$0000000C)
    __rt_lib_init_lc_collate_1               0x08000299   Thumb Code     0  libinit2.o(.ARM.Collect$$libinit$$00000011)
    __rt_lib_init_lc_ctype_2                 0x08000299   Thumb Code     0  libinit2.o(.ARM.Collect$$libinit$$00000012)
    __rt_lib_init_lc_ctype_1                 0x080002a5   Thumb Code     0  libinit2.o(.ARM.Collect$$libinit$$00000013)
    __rt_lib_init_lc_monetary_1              0x080002a5   Thumb Code     0  libinit2.o(.ARM.Collect$$libinit$$00000015)
    __rt_lib_init_lc_numeric_2               0x080002a5   Thumb Code     0  libinit2.o(.ARM.Collect$$libinit$$00000016)
    __rt_lib_init_alloca_1                   0x080002af   Thumb Code     0  libinit2.o(.ARM.Collect$$libinit$$0000002E)
    __rt_lib_init_argv_1                     0x080002af   Thumb Code     0  libinit2.o(.ARM.Collect$$libinit$$0000002C)
    __rt_lib_init_atexit_1                   0x080002af   Thumb Code     0  libinit2.o(.ARM.Collect$$libinit$$0000001B)
    __rt_lib_init_clock_1                    0x080002af   Thumb Code     0  libinit2.o(.ARM.Collect$$libinit$$00000021)
    __rt_lib_init_cpp_1                      0x080002af   Thumb Code     0  libinit2.o(.ARM.Collect$$libinit$$00000032)
    __rt_lib_init_exceptions_1               0x080002af   Thumb Code     0  libinit2.o(.ARM.Collect$$libinit$$00000030)
    __rt_lib_init_fp_trap_1                  0x080002af   Thumb Code     0  libinit2.o(.ARM.Collect$$libinit$$0000001F)
    __rt_lib_init_getenv_1                   0x080002af   Thumb Code     0  libinit2.o(.ARM.Collect$$libinit$$00000023)
    __rt_lib_init_lc_numeric_1               0x080002af   Thumb Code     0  libinit2.o(.ARM.Collect$$libinit$$00000017)
    __rt_lib_init_lc_time_1                  0x080002af   Thumb Code     0  libinit2.o(.ARM.Collect$$libinit$$00000019)
    __rt_lib_init_return                     0x080002af   Thumb Code     0  libinit2.o(.ARM.Collect$$libinit$$00000033)
    __rt_lib_init_signal_1                   0x080002af   Thumb Code     0  libinit2.o(.ARM.Collect$$libinit$$0000001D)
    __rt_lib_init_stdio_1                    0x080002af   Thumb Code     0  libinit2.o(.ARM.Collect$$libinit$$00000025)
    __rt_lib_shutdown                        0x080002b1   Thumb Code     0  libshutdown.o(.ARM.Collect$$libshutdown$$00000000)
    __rt_lib_shutdown_cpp_1                  0x080002b3   Thumb Code     0  libshutdown2.o(.ARM.Collect$$libshutdown$$00000002)
    __rt_lib_shutdown_fp_trap_1              0x080002b3   Thumb Code     0  libshutdown2.o(.ARM.Collect$$libshutdown$$00000007)
    __rt_lib_shutdown_heap_1                 0x080002b3   Thumb Code     0  libshutdown2.o(.ARM.Collect$$libshutdown$$0000000F)
    __rt_lib_shutdown_return                 0x080002b3   Thumb Code     0  libshutdown2.o(.ARM.Collect$$libshutdown$$00000010)
    __rt_lib_shutdown_signal_1               0x080002b3   Thumb Code     0  libshutdown2.o(.ARM.Collect$$libshutdown$$0000000A)
    __rt_lib_shutdown_stdio_1                0x080002b3   Thumb Code     0  libshutdown2.o(.ARM.Collect$$libshutdown$$00000004)
    __rt_lib_shutdown_user_alloc_1           0x080002b3   Thumb Code     0  libshutdown2.o(.ARM.Collect$$libshutdown$$0000000C)
    __rt_entry                               0x080002b5   Thumb Code     0  __rtentry.o(.ARM.Collect$$rtentry$$00000000)
    __rt_entry_presh_1                       0x080002b5   Thumb Code     0  __rtentry2.o(.ARM.Collect$$rtentry$$00000002)
    __rt_entry_sh                            0x080002b5   Thumb Code     0  __rtentry4.o(.ARM.Collect$$rtentry$$00000004)
    __rt_entry_li                            0x080002bb   Thumb Code     0  __rtentry2.o(.ARM.Collect$$rtentry$$0000000A)
    __rt_entry_postsh_1                      0x080002bb   Thumb Code     0  __rtentry2.o(.ARM.Collect$$rtentry$$00000009)
    __rt_entry_main                          0x080002bf   Thumb Code     0  __rtentry2.o(.ARM.Collect$$rtentry$$0000000D)
    __rt_entry_postli_1                      0x080002bf   Thumb Code     0  __rtentry2.o(.ARM.Collect$$rtentry$$0000000C)
    __rt_exit                                0x080002c7   Thumb Code     0  rtexit.o(.ARM.Collect$$rtexit$$00000000)
    __rt_exit_ls                             0x080002c9   Thumb Code     0  rtexit2.o(.ARM.Collect$$rtexit$$00000003)
    __rt_exit_prels_1                        0x080002c9   Thumb Code     0  rtexit2.o(.ARM.Collect$$rtexit$$00000002)
    __rt_exit_exit                           0x080002cd   Thumb Code     0  rtexit2.o(.ARM.Collect$$rtexit$$00000004)
    Reset_Handler                            0x080002d5   Thumb Code     8  startup_stm32f40_41xxx.o(.text)
    ADC_IRQHandler                           0x080002ef   Thumb Code     0  startup_stm32f40_41xxx.o(.text)
    CAN1_RX0_IRQHandler                      0x080002ef   Thumb Code     0  startup_stm32f40_41xxx.o(.text)
    CAN1_RX1_IRQHandler                      0x080002ef   Thumb Code     0  startup_stm32f40_41xxx.o(.text)
    CAN1_SCE_IRQHandler                      0x080002ef   Thumb Code     0  startup_stm32f40_41xxx.o(.text)
    CAN1_TX_IRQHandler                       0x080002ef   Thumb Code     0  startup_stm32f40_41xxx.o(.text)
    CAN2_RX0_IRQHandler                      0x080002ef   Thumb Code     0  startup_stm32f40_41xxx.o(.text)
    CAN2_RX1_IRQHandler                      0x080002ef   Thumb Code     0  startup_stm32f40_41xxx.o(.text)
    CAN2_SCE_IRQHandler                      0x080002ef   Thumb Code     0  startup_stm32f40_41xxx.o(.text)
    CAN2_TX_IRQHandler                       0x080002ef   Thumb Code     0  startup_stm32f40_41xxx.o(.text)
    CRYP_IRQHandler                          0x080002ef   Thumb Code     0  startup_stm32f40_41xxx.o(.text)
    DCMI_IRQHandler                          0x080002ef   Thumb Code     0  startup_stm32f40_41xxx.o(.text)
    DMA1_Stream0_IRQHandler                  0x080002ef   Thumb Code     0  startup_stm32f40_41xxx.o(.text)
    DMA1_Stream1_IRQHandler                  0x080002ef   Thumb Code     0  startup_stm32f40_41xxx.o(.text)
    DMA1_Stream2_IRQHandler                  0x080002ef   Thumb Code     0  startup_stm32f40_41xxx.o(.text)
    DMA1_Stream3_IRQHandler                  0x080002ef   Thumb Code     0  startup_stm32f40_41xxx.o(.text)
    DMA1_Stream4_IRQHandler                  0x080002ef   Thumb Code     0  startup_stm32f40_41xxx.o(.text)
    DMA1_Stream5_IRQHandler                  0x080002ef   Thumb Code     0  startup_stm32f40_41xxx.o(.text)
    DMA1_Stream6_IRQHandler                  0x080002ef   Thumb Code     0  startup_stm32f40_41xxx.o(.text)
    DMA1_Stream7_IRQHandler                  0x080002ef   Thumb Code     0  startup_stm32f40_41xxx.o(.text)
    DMA2_Stream0_IRQHandler                  0x080002ef   Thumb Code     0  startup_stm32f40_41xxx.o(.text)
    DMA2_Stream1_IRQHandler                  0x080002ef   Thumb Code     0  startup_stm32f40_41xxx.o(.text)
    DMA2_Stream2_IRQHandler                  0x080002ef   Thumb Code     0  startup_stm32f40_41xxx.o(.text)
    DMA2_Stream3_IRQHandler                  0x080002ef   Thumb Code     0  startup_stm32f40_41xxx.o(.text)
    DMA2_Stream4_IRQHandler                  0x080002ef   Thumb Code     0  startup_stm32f40_41xxx.o(.text)
    DMA2_Stream5_IRQHandler                  0x080002ef   Thumb Code     0  startup_stm32f40_41xxx.o(.text)
    DMA2_Stream6_IRQHandler                  0x080002ef   Thumb Code     0  startup_stm32f40_41xxx.o(.text)
    DMA2_Stream7_IRQHandler                  0x080002ef   Thumb Code     0  startup_stm32f40_41xxx.o(.text)
    ETH_IRQHandler                           0x080002ef   Thumb Code     0  startup_stm32f40_41xxx.o(.text)
    ETH_WKUP_IRQHandler                      0x080002ef   Thumb Code     0  startup_stm32f40_41xxx.o(.text)
    EXTI0_IRQHandler                         0x080002ef   Thumb Code     0  startup_stm32f40_41xxx.o(.text)
    EXTI15_10_IRQHandler                     0x080002ef   Thumb Code     0  startup_stm32f40_41xxx.o(.text)
    EXTI1_IRQHandler                         0x080002ef   Thumb Code     0  startup_stm32f40_41xxx.o(.text)
    EXTI2_IRQHandler                         0x080002ef   Thumb Code     0  startup_stm32f40_41xxx.o(.text)
    EXTI3_IRQHandler                         0x080002ef   Thumb Code     0  startup_stm32f40_41xxx.o(.text)
    EXTI4_IRQHandler                         0x080002ef   Thumb Code     0  startup_stm32f40_41xxx.o(.text)
    EXTI9_5_IRQHandler                       0x080002ef   Thumb Code     0  startup_stm32f40_41xxx.o(.text)
    FLASH_IRQHandler                         0x080002ef   Thumb Code     0  startup_stm32f40_41xxx.o(.text)
    FPU_IRQHandler                           0x080002ef   Thumb Code     0  startup_stm32f40_41xxx.o(.text)
    FSMC_IRQHandler                          0x080002ef   Thumb Code     0  startup_stm32f40_41xxx.o(.text)
    HASH_RNG_IRQHandler                      0x080002ef   Thumb Code     0  startup_stm32f40_41xxx.o(.text)
    I2C1_ER_IRQHandler                       0x080002ef   Thumb Code     0  startup_stm32f40_41xxx.o(.text)
    I2C1_EV_IRQHandler                       0x080002ef   Thumb Code     0  startup_stm32f40_41xxx.o(.text)
    I2C2_ER_IRQHandler                       0x080002ef   Thumb Code     0  startup_stm32f40_41xxx.o(.text)
    I2C2_EV_IRQHandler                       0x080002ef   Thumb Code     0  startup_stm32f40_41xxx.o(.text)
    I2C3_ER_IRQHandler                       0x080002ef   Thumb Code     0  startup_stm32f40_41xxx.o(.text)
    I2C3_EV_IRQHandler                       0x080002ef   Thumb Code     0  startup_stm32f40_41xxx.o(.text)
    OTG_FS_IRQHandler                        0x080002ef   Thumb Code     0  startup_stm32f40_41xxx.o(.text)
    OTG_FS_WKUP_IRQHandler                   0x080002ef   Thumb Code     0  startup_stm32f40_41xxx.o(.text)
    OTG_HS_EP1_IN_IRQHandler                 0x080002ef   Thumb Code     0  startup_stm32f40_41xxx.o(.text)
    OTG_HS_EP1_OUT_IRQHandler                0x080002ef   Thumb Code     0  startup_stm32f40_41xxx.o(.text)
    OTG_HS_IRQHandler                        0x080002ef   Thumb Code     0  startup_stm32f40_41xxx.o(.text)
    OTG_HS_WKUP_IRQHandler                   0x080002ef   Thumb Code     0  startup_stm32f40_41xxx.o(.text)
    PVD_IRQHandler                           0x080002ef   Thumb Code     0  startup_stm32f40_41xxx.o(.text)
    RCC_IRQHandler                           0x080002ef   Thumb Code     0  startup_stm32f40_41xxx.o(.text)
    RTC_Alarm_IRQHandler                     0x080002ef   Thumb Code     0  startup_stm32f40_41xxx.o(.text)
    RTC_WKUP_IRQHandler                      0x080002ef   Thumb Code     0  startup_stm32f40_41xxx.o(.text)
    SPI1_IRQHandler                          0x080002ef   Thumb Code     0  startup_stm32f40_41xxx.o(.text)
    SPI2_IRQHandler                          0x080002ef   Thumb Code     0  startup_stm32f40_41xxx.o(.text)
    SPI3_IRQHandler                          0x080002ef   Thumb Code     0  startup_stm32f40_41xxx.o(.text)
    TAMP_STAMP_IRQHandler                    0x080002ef   Thumb Code     0  startup_stm32f40_41xxx.o(.text)
    TIM1_BRK_TIM9_IRQHandler                 0x080002ef   Thumb Code     0  startup_stm32f40_41xxx.o(.text)
    TIM1_CC_IRQHandler                       0x080002ef   Thumb Code     0  startup_stm32f40_41xxx.o(.text)
    TIM1_TRG_COM_TIM11_IRQHandler            0x080002ef   Thumb Code     0  startup_stm32f40_41xxx.o(.text)
    TIM1_UP_TIM10_IRQHandler                 0x080002ef   Thumb Code     0  startup_stm32f40_41xxx.o(.text)
    TIM2_IRQHandler                          0x080002ef   Thumb Code     0  startup_stm32f40_41xxx.o(.text)
    TIM3_IRQHandler                          0x080002ef   Thumb Code     0  startup_stm32f40_41xxx.o(.text)
    TIM4_IRQHandler                          0x080002ef   Thumb Code     0  startup_stm32f40_41xxx.o(.text)
    TIM5_IRQHandler                          0x080002ef   Thumb Code     0  startup_stm32f40_41xxx.o(.text)
    TIM6_DAC_IRQHandler                      0x080002ef   Thumb Code     0  startup_stm32f40_41xxx.o(.text)
    TIM8_BRK_TIM12_IRQHandler                0x080002ef   Thumb Code     0  startup_stm32f40_41xxx.o(.text)
    TIM8_CC_IRQHandler                       0x080002ef   Thumb Code     0  startup_stm32f40_41xxx.o(.text)
    TIM8_TRG_COM_TIM14_IRQHandler            0x080002ef   Thumb Code     0  startup_stm32f40_41xxx.o(.text)
    TIM8_UP_TIM13_IRQHandler                 0x080002ef   Thumb Code     0  startup_stm32f40_41xxx.o(.text)
    UART4_IRQHandler                         0x080002ef   Thumb Code     0  startup_stm32f40_41xxx.o(.text)
    UART5_IRQHandler                         0x080002ef   Thumb Code     0  startup_stm32f40_41xxx.o(.text)
    USART2_IRQHandler                        0x080002ef   Thumb Code     0  startup_stm32f40_41xxx.o(.text)
    USART6_IRQHandler                        0x080002ef   Thumb Code     0  startup_stm32f40_41xxx.o(.text)
    WWDG_IRQHandler                          0x080002ef   Thumb Code     0  startup_stm32f40_41xxx.o(.text)
    __user_initial_stackheap                 0x080002f1   Thumb Code     0  startup_stm32f40_41xxx.o(.text)
    __use_no_semihosting                     0x08000315   Thumb Code     2  use_no_semi_2.o(.text)
    __c89vsprintf                            0x08000319   Thumb Code    32  c89vsprintf.o(.text)
    __2printf                                0x0800033d   Thumb Code    20  __2printf.o(.text)
    __2sprintf                               0x08000355   Thumb Code    38  __2sprintf.o(.text)
    _printf_str                              0x08000381   Thumb Code    82  _printf_str.o(.text)
    _printf_int_dec                          0x080003d5   Thumb Code   104  _printf_dec.o(.text)
    _printf_longlong_hex                     0x0800044d   Thumb Code    86  _printf_hex_int_ll_ptr.o(.text)
    _printf_int_hex                          0x080004a3   Thumb Code    28  _printf_hex_int_ll_ptr.o(.text)
    _printf_ll_hex                           0x080004bf   Thumb Code    12  _printf_hex_int_ll_ptr.o(.text)
    _printf_hex_ptr                          0x080004cb   Thumb Code    18  _printf_hex_int_ll_ptr.o(.text)
    __printf                                 0x080004e1   Thumb Code   388  __printf_flags_ss_wp.o(.text)
    strstr                                   0x08000669   Thumb Code    36  strstr.o(.text)
    strlen                                   0x0800068d   Thumb Code    62  strlen.o(.text)
    __aeabi_memcpy                           0x080006cb   Thumb Code     0  rt_memcpy_v6.o(.text)
    __rt_memcpy                              0x080006cb   Thumb Code   138  rt_memcpy_v6.o(.text)
    _memcpy_lastbytes                        0x08000731   Thumb Code     0  rt_memcpy_v6.o(.text)
    __aeabi_memclr                           0x08000755   Thumb Code     0  rt_memclr.o(.text)
    __rt_memclr                              0x08000755   Thumb Code    68  rt_memclr.o(.text)
    _memset                                  0x08000759   Thumb Code     0  rt_memclr.o(.text)
    strcmp                                   0x08000799   Thumb Code   128  strcmpv7m.o(.text)
    __use_two_region_memory                  0x08000819   Thumb Code     2  heapauxi.o(.text)
    __rt_heap_escrow$2region                 0x0800081b   Thumb Code     2  heapauxi.o(.text)
    __rt_heap_expand$2region                 0x0800081d   Thumb Code     2  heapauxi.o(.text)
    __I$use$semihosting                      0x0800081f   Thumb Code     0  use_no_semi.o(.text)
    __use_no_semihosting_swi                 0x0800081f   Thumb Code     2  use_no_semi.o(.text)
    _printf_pre_padding                      0x08000821   Thumb Code    44  _printf_pad.o(.text)
    _printf_post_padding                     0x0800084d   Thumb Code    34  _printf_pad.o(.text)
    _printf_truncate_signed                  0x0800086f   Thumb Code    18  _printf_truncate.o(.text)
    _printf_truncate_unsigned                0x08000881   Thumb Code    18  _printf_truncate.o(.text)
    _printf_int_common                       0x08000893   Thumb Code   178  _printf_intcommon.o(.text)
    _printf_charcount                        0x08000945   Thumb Code    40  _printf_charcount.o(.text)
    _printf_char_common                      0x08000977   Thumb Code    32  _printf_char_common.o(.text)
    _sputc                                   0x0800099d   Thumb Code    10  _sputc.o(.text)
    _printf_cs_common                        0x080009a7   Thumb Code    20  _printf_char.o(.text)
    _printf_char                             0x080009bb   Thumb Code    16  _printf_char.o(.text)
    _printf_string                           0x080009cb   Thumb Code     8  _printf_char.o(.text)
    _printf_char_file                        0x080009d5   Thumb Code    32  _printf_char_file.o(.text)
    _printf_wctomb                           0x080009f9   Thumb Code   182  _printf_wctomb.o(.text)
    _printf_longlong_dec                     0x08000ab5   Thumb Code   108  _printf_longlong_dec.o(.text)
    _printf_longlong_oct                     0x08000b31   Thumb Code    66  _printf_oct_int_ll.o(.text)
    _printf_int_oct                          0x08000b73   Thumb Code    24  _printf_oct_int_ll.o(.text)
    _printf_ll_oct                           0x08000b8b   Thumb Code    12  _printf_oct_int_ll.o(.text)
    __aeabi_memcpy4                          0x08000ba1   Thumb Code     0  rt_memcpy_w.o(.text)
    __aeabi_memcpy8                          0x08000ba1   Thumb Code     0  rt_memcpy_w.o(.text)
    __rt_memcpy_w                            0x08000ba1   Thumb Code   100  rt_memcpy_w.o(.text)
    _memcpy_lastbytes_aligned                0x08000be9   Thumb Code     0  rt_memcpy_w.o(.text)
    __aeabi_memclr4                          0x08000c05   Thumb Code     0  rt_memclr_w.o(.text)
    __aeabi_memclr8                          0x08000c05   Thumb Code     0  rt_memclr_w.o(.text)
    __rt_memclr_w                            0x08000c05   Thumb Code    78  rt_memclr_w.o(.text)
    _memset_w                                0x08000c09   Thumb Code     0  rt_memclr_w.o(.text)
    _ll_udiv10                               0x08000c53   Thumb Code   138  lludiv10.o(.text)
    __lib_sel_fp_printf                      0x08000cdd   Thumb Code     2  _printf_fp_dec.o(.text)
    _printf_fp_dec_real                      0x08000e8f   Thumb Code   620  _printf_fp_dec.o(.text)
    _printf_lcs_common                       0x080010fb   Thumb Code    20  _printf_wchar.o(.text)
    _printf_wchar                            0x0800110f   Thumb Code    16  _printf_wchar.o(.text)
    _printf_wstring                          0x0800111f   Thumb Code     8  _printf_wchar.o(.text)
    ferror                                   0x08001127   Thumb Code     8  ferror.o(.text)
    _wcrtomb                                 0x0800112f   Thumb Code    64  _wcrtomb.o(.text)
    __user_libspace                          0x08001171   Thumb Code     8  libspace.o(.text)
    __user_perproc_libspace                  0x08001171   Thumb Code     0  libspace.o(.text)
    __user_perthread_libspace                0x08001171   Thumb Code     0  libspace.o(.text)
    __user_setup_stackheap                   0x08001179   Thumb Code    74  sys_stackheap_outer.o(.text)
    __rt_ctype_table                         0x080011c5   Thumb Code    16  rt_ctype_table.o(.text)
    __rt_locale                              0x080011d5   Thumb Code     8  rt_locale_intlibspace.o(.text)
    _printf_fp_infnan                        0x080011dd   Thumb Code   112  _printf_fp_infnan.o(.text)
    _btod_etento                             0x0800125d   Thumb Code   224  bigflt0.o(.text)
    exit                                     0x08001341   Thumb Code    18  exit.o(.text)
    _btod_d2e                                0x08001353   Thumb Code    62  btod.o(CL$$btod_d2e)
    _d2e_denorm_low                          0x08001391   Thumb Code    70  btod.o(CL$$btod_d2e_denorm_low)
    _d2e_norm_op1                            0x080013d7   Thumb Code    96  btod.o(CL$$btod_d2e_norm_op1)
    __btod_div_common                        0x08001437   Thumb Code   696  btod.o(CL$$btod_div_common)
    _e2e                                     0x0800176f   Thumb Code   220  btod.o(CL$$btod_e2e)
    _btod_ediv                               0x0800184b   Thumb Code    42  btod.o(CL$$btod_ediv)
    _btod_emul                               0x08001875   Thumb Code    42  btod.o(CL$$btod_emul)
    __btod_mult_common                       0x0800189f   Thumb Code   580  btod.o(CL$$btod_mult_common)
    BEEP_Init                                0x08001ae5   Thumb Code    60  beep.o(i.BEEP_Init)
    BusFault_Handler                         0x08001b25   Thumb Code     4  stm32f4xx_it.o(i.BusFault_Handler)
    CmdResp1Error                            0x08001b29   Thumb Code    94  sdio_sdcard.o(i.CmdResp1Error)
    DebugMon_Handler                         0x08001b8d   Thumb Code     2  stm32f4xx_it.o(i.DebugMon_Handler)
    GPIO_Init                                0x08001b8f   Thumb Code   144  stm32f4xx_gpio.o(i.GPIO_Init)
    GPIO_PinAFConfig                         0x08001c1f   Thumb Code    70  stm32f4xx_gpio.o(i.GPIO_PinAFConfig)
    GPIO_ResetBits                           0x08001c65   Thumb Code     4  stm32f4xx_gpio.o(i.GPIO_ResetBits)
    GPIO_SetBits                             0x08001c69   Thumb Code     4  stm32f4xx_gpio.o(i.GPIO_SetBits)
    HardFault_Handler                        0x08001c6d   Thumb Code     4  stm32f4xx_it.o(i.HardFault_Handler)
    LED_Init                                 0x08001c71   Thumb Code    60  led.o(i.LED_Init)
    MemManage_Handler                        0x08001cb1   Thumb Code     4  stm32f4xx_it.o(i.MemManage_Handler)
    NMI_Handler                              0x08001cb5   Thumb Code     2  stm32f4xx_it.o(i.NMI_Handler)
    NVIC_Init                                0x08001cb9   Thumb Code   106  misc.o(i.NVIC_Init)
    NVIC_PriorityGroupConfig                 0x08001d31   Thumb Code    10  misc.o(i.NVIC_PriorityGroupConfig)
    PendSV_Handler                           0x08001d45   Thumb Code     2  stm32f4xx_it.o(i.PendSV_Handler)
    RCC_AHB1PeriphClockCmd                   0x08001d49   Thumb Code    26  stm32f4xx_rcc.o(i.RCC_AHB1PeriphClockCmd)
    RCC_APB1PeriphClockCmd                   0x08001d69   Thumb Code    26  stm32f4xx_rcc.o(i.RCC_APB1PeriphClockCmd)
    RCC_APB1PeriphResetCmd                   0x08001d89   Thumb Code    26  stm32f4xx_rcc.o(i.RCC_APB1PeriphResetCmd)
    RCC_APB2PeriphClockCmd                   0x08001da9   Thumb Code    26  stm32f4xx_rcc.o(i.RCC_APB2PeriphClockCmd)
    RCC_APB2PeriphResetCmd                   0x08001dc9   Thumb Code    26  stm32f4xx_rcc.o(i.RCC_APB2PeriphResetCmd)
    RCC_GetClocksFreq                        0x08001de9   Thumb Code   214  stm32f4xx_rcc.o(i.RCC_GetClocksFreq)
    SDIO_ClearFlag                           0x08001ed1   Thumb Code     6  stm32f4xx_sdio.o(i.SDIO_ClearFlag)
    SDIO_GetFlagStatus                       0x08001edd   Thumb Code    20  stm32f4xx_sdio.o(i.SDIO_GetFlagStatus)
    SDIO_IRQHandler                          0x08001ef5   Thumb Code     8  sdio_sdcard.o(i.SDIO_IRQHandler)
    SDIO_SendCommand                         0x08001efd   Thumb Code    40  stm32f4xx_sdio.o(i.SDIO_SendCommand)
    SD_ProcessIRQSrc                         0x08001f29   Thumb Code   318  sdio_sdcard.o(i.SD_ProcessIRQSrc)
    SVC_Handler                              0x0800207d   Thumb Code     2  stm32f4xx_it.o(i.SVC_Handler)
    SysTick_CLKSourceConfig                  0x0800216d   Thumb Code    40  misc.o(i.SysTick_CLKSourceConfig)
    SysTick_Handler                          0x08002195   Thumb Code     2  stm32f4xx_it.o(i.SysTick_Handler)
    SystemInit                               0x08002199   Thumb Code    88  system_stm32f4xx.o(i.SystemInit)
    TIM7_IRQHandler                          0x08002201   Thumb Code    42  timer.o(i.TIM7_IRQHandler)
    TIM7_Int_Init                            0x08002235   Thumb Code    78  timer.o(i.TIM7_Int_Init)
    TIM_ClearITPendingBit                    0x08002289   Thumb Code     6  stm32f4xx_tim.o(i.TIM_ClearITPendingBit)
    TIM_Cmd                                  0x0800228f   Thumb Code    24  stm32f4xx_tim.o(i.TIM_Cmd)
    TIM_GetITStatus                          0x080022a7   Thumb Code    34  stm32f4xx_tim.o(i.TIM_GetITStatus)
    TIM_ITConfig                             0x080022c9   Thumb Code    18  stm32f4xx_tim.o(i.TIM_ITConfig)
    TIM_SetCounter                           0x080022db   Thumb Code     4  stm32f4xx_tim.o(i.TIM_SetCounter)
    TIM_TimeBaseInit                         0x080022e1   Thumb Code   104  stm32f4xx_tim.o(i.TIM_TimeBaseInit)
    USART1_IRQHandler                        0x08002365   Thumb Code   122  usart.o(i.USART1_IRQHandler)
    USART3_IRQHandler                        0x080023ed   Thumb Code   102  usart3.o(i.USART3_IRQHandler)
    USART_ClearFlag                          0x08002469   Thumb Code    18  stm32f4xx_usart.o(i.USART_ClearFlag)
    USART_Cmd                                0x0800247b   Thumb Code    24  stm32f4xx_usart.o(i.USART_Cmd)
    USART_DeInit                             0x08002495   Thumb Code   206  stm32f4xx_usart.o(i.USART_DeInit)
    USART_GetFlagStatus                      0x08002585   Thumb Code    26  stm32f4xx_usart.o(i.USART_GetFlagStatus)
    USART_GetITStatus                        0x0800259f   Thumb Code    84  stm32f4xx_usart.o(i.USART_GetITStatus)
    USART_ITConfig                           0x080025f3   Thumb Code    74  stm32f4xx_usart.o(i.USART_ITConfig)
    USART_Init                               0x0800263d   Thumb Code   204  stm32f4xx_usart.o(i.USART_Init)
    USART_ReceiveData                        0x08002711   Thumb Code    10  stm32f4xx_usart.o(i.USART_ReceiveData)
    USART_SendData                           0x0800271b   Thumb Code     8  stm32f4xx_usart.o(i.USART_SendData)
    UsageFault_Handler                       0x08002723   Thumb Code     4  stm32f4xx_it.o(i.UsageFault_Handler)
    __ARM_fpclassify                         0x08002727   Thumb Code    48  fpclassify.o(i.__ARM_fpclassify)
    _is_digit                                0x08002757   Thumb Code    14  __printf_wp.o(i._is_digit)
    _sys_exit                                0x08002765   Thumb Code     6  usart.o(i._sys_exit)
    atk_8266_ip_set                          0x0800276d   Thumb Code    30  esp8266.o(i.atk_8266_ip_set)
    delay_init                               0x080027bd   Thumb Code    52  delay.o(i.delay_init)
    delay_ms                                 0x080027f9   Thumb Code    56  delay.o(i.delay_ms)
    delay_xms                                0x08002831   Thumb Code    72  delay.o(i.delay_xms)
    esp8266_ap_mode_config                   0x0800287d   Thumb Code   144  esp8266.o(i.esp8266_ap_mode_config)
    esp8266_check_cmd                        0x08002991   Thumb Code    44  esp8266.o(i.esp8266_check_cmd)
    esp8266_mode_config                      0x080029c5   Thumb Code   112  esp8266.o(i.esp8266_mode_config)
    esp8266_quit_trans                       0x08002a89   Thumb Code   100  esp8266.o(i.esp8266_quit_trans)
    esp8266_receive_data                     0x08002af9   Thumb Code    60  esp8266.o(i.esp8266_receive_data)
    esp8266_send_cmd                         0x08002b55   Thumb Code    84  esp8266.o(i.esp8266_send_cmd)
    esp8266_send_data                        0x08002bb5   Thumb Code   100  esp8266.o(i.esp8266_send_data)
    esp8266_set_mode                         0x08002c3d   Thumb Code    74  esp8266.o(i.esp8266_set_mode)
    esp8266_sta_mode_config                  0x08002cb5   Thumb Code   184  esp8266.o(i.esp8266_sta_mode_config)
    fputc                                    0x08002e05   Thumb Code    22  usart.o(i.fputc)
    main                                     0x08002e21   Thumb Code   320  main.o(i.main)
    set_wifi_sta                             0x08002fe5   Thumb Code    40  esp8266.o(i.set_wifi_sta)
    u3_printf                                0x08003029   Thumb Code    72  usart3.o(i.u3_printf)
    uart_init                                0x08003079   Thumb Code   172  usart.o(i.uart_init)
    usart3_init                              0x0800312d   Thumb Code   198  usart3.o(i.usart3_init)
    _get_lc_numeric                          0x08003205   Thumb Code    44  lc_numeric_c.o(locale$$code)
    _get_lc_ctype                            0x08003231   Thumb Code    44  lc_ctype_c.o(locale$$code)
    _fp_init                                 0x0800325d   Thumb Code    10  fpinit.o(x$fpl$fpinit)
    __fplib_config_fpu_vfp                   0x08003265   Thumb Code     0  fpinit.o(x$fpl$fpinit)
    __fplib_config_pureend_doubles           0x08003265   Thumb Code     0  fpinit.o(x$fpl$fpinit)
    _printf_fp_dec                           0x08003267   Thumb Code     4  printf1.o(x$fpl$printf1)
    __I$use$fp                               0x0800326a   Number         0  usenofp.o(x$fpl$usenofp)
    Region$$Table$$Base                      0x0800337c   Number         0  anon$$obj.o(Region$$Table)
    Region$$Table$$Limit                     0x0800339c   Number         0  anon$$obj.o(Region$$Table)
    __ctype                                  0x080033c5   Data           0  lc_ctype_c.o(locale$$data)
    mem3base                                 0x10000000   Data       61440  malloc.o(.ARM.__AT_0x10000000)
    mem3mapbase                              0x1000f000   Data        3840  malloc.o(.ARM.__AT_0x1000F000)
    wifista_ssid                             0x20000000   Data           4  main.o(.data)
    wifista_encryption                       0x20000004   Data           4  main.o(.data)
    wifista_password                         0x20000008   Data           4  main.o(.data)
    work_mode                                0x2000000c   Data           1  main.o(.data)
    connect_mode                             0x2000000d   Data           1  main.o(.data)
    PC_IP                                    0x20000010   Data           4  main.o(.data)
    smartCnfigType                           0x20000014   Data           1  main.o(.data)
    __stdout                                 0x2000001c   Data           4  usart.o(.data)
    USART_RX_STA                             0x20000020   Data           2  usart.o(.data)
    TransferError                            0x2000003e   Data           1  sdio_sdcard.o(.data)
    TransferEnd                              0x2000003f   Data           1  sdio_sdcard.o(.data)
    tempbuff                                 0x20000040   Data           4  sdio_sdcard.o(.data)
    USART3_RX_STA                            0x20000044   Data           2  usart3.o(.data)
    res                                      0x20000046   Data           1  usart3.o(.data)
    ipbuf                                    0x20000048   Data           4  esp8266.o(.data)
    port                                     0x2000004c   Data           4  esp8266.o(.data)
    wifi_msg                                 0x20000050   Data           4  esp8266.o(.data)
    USART_RX_BUF                             0x20000054   Data         200  usart.o(.bss)
    SDIO_InitStructure                       0x20000120   Data          24  sdio_sdcard.o(.bss)
    SDIO_CmdInitStructure                    0x20000138   Data          20  sdio_sdcard.o(.bss)
    SDIO_DataInitStructure                   0x2000014c   Data          24  sdio_sdcard.o(.bss)
    SDCardInfo                               0x20000188   Data          88  sdio_sdcard.o(.bss)
    SDIO_DATA_BUFFER                         0x200001e0   Data         512  sdio_sdcard.o(.bss)
    USART3_TX_BUF                            0x200003e0   Data         400  usart3.o(.bss)
    USART3_RX_BUF                            0x20000570   Data         400  usart3.o(.bss)
    p                                        0x20000700   Data          48  esp8266.o(.bss)
    __libspace_start                         0x200007f8   Data          96  libspace.o(.bss)
    __temporary_stack_top$libspace           0x20000858   Data           0  libspace.o(.bss)
    mem2base                                 0x68000000   Data       983040  malloc.o(.ARM.__AT_0x68000000)
    mem2mapbase                              0x680f0000   Data       61440  malloc.o(.ARM.__AT_0x680F0000)



==============================================================================

Memory Map of the image

  Image Entry point : 0x08000189

  Load Region LR_IROM1 (Base: 0x08000000, Size: 0x0000351c, Max: 0x00100000, ABSOLUTE)

    Execution Region ER_IROM1 (Exec base: 0x08000000, Load base: 0x08000000, Size: 0x000034c8, Max: 0x00100000, ABSOLUTE)

    Exec Addr    Load Addr    Size         Type   Attr      Idx    E Section Name        Object

    0x08000000   0x08000000   0x00000188   Data   RO          391    RESET               startup_stm32f40_41xxx.o
    0x08000188   0x08000188   0x00000008   Code   RO         5290  * !!!main             c_w.l(__main.o)
    0x08000190   0x08000190   0x00000034   Code   RO         5621    !!!scatter          c_w.l(__scatter.o)
    0x080001c4   0x080001c4   0x0000001a   Code   RO         5623    !!handler_copy      c_w.l(__scatter_copy.o)
    0x080001de   0x080001de   0x00000002   PAD
    0x080001e0   0x080001e0   0x0000001c   Code   RO         5625    !!handler_zi        c_w.l(__scatter_zi.o)
    0x080001fc   0x080001fc   0x00000000   Code   RO         5273    .ARM.Collect$$_printf_percent$$00000000  c_w.l(_printf_percent.o)
    0x080001fc   0x080001fc   0x00000006   Code   RO         5362    .ARM.Collect$$_printf_percent$$00000001  c_w.l(_printf_n.o)
    0x08000202   0x08000202   0x00000006   Code   RO         5363    .ARM.Collect$$_printf_percent$$00000002  c_w.l(_printf_p.o)
    0x08000208   0x08000208   0x00000006   Code   RO         5367    .ARM.Collect$$_printf_percent$$00000003  c_w.l(_printf_f.o)
    0x0800020e   0x0800020e   0x00000006   Code   RO         5368    .ARM.Collect$$_printf_percent$$00000004  c_w.l(_printf_e.o)
    0x08000214   0x08000214   0x00000006   Code   RO         5369    .ARM.Collect$$_printf_percent$$00000005  c_w.l(_printf_g.o)
    0x0800021a   0x0800021a   0x00000006   Code   RO         5370    .ARM.Collect$$_printf_percent$$00000006  c_w.l(_printf_a.o)
    0x08000220   0x08000220   0x0000000a   Code   RO         5375    .ARM.Collect$$_printf_percent$$00000007  c_w.l(_printf_ll.o)
    0x0800022a   0x0800022a   0x00000006   Code   RO         5365    .ARM.Collect$$_printf_percent$$00000008  c_w.l(_printf_i.o)
    0x08000230   0x08000230   0x00000006   Code   RO         5272    .ARM.Collect$$_printf_percent$$00000009  c_w.l(_printf_d.o)
    0x08000236   0x08000236   0x00000006   Code   RO         5366    .ARM.Collect$$_printf_percent$$0000000A  c_w.l(_printf_u.o)
    0x0800023c   0x0800023c   0x00000006   Code   RO         5364    .ARM.Collect$$_printf_percent$$0000000B  c_w.l(_printf_o.o)
    0x08000242   0x08000242   0x00000006   Code   RO         5271    .ARM.Collect$$_printf_percent$$0000000C  c_w.l(_printf_x.o)
    0x08000248   0x08000248   0x00000006   Code   RO         5372    .ARM.Collect$$_printf_percent$$0000000D  c_w.l(_printf_lli.o)
    0x0800024e   0x0800024e   0x00000006   Code   RO         5373    .ARM.Collect$$_printf_percent$$0000000E  c_w.l(_printf_lld.o)
    0x08000254   0x08000254   0x00000006   Code   RO         5374    .ARM.Collect$$_printf_percent$$0000000F  c_w.l(_printf_llu.o)
    0x0800025a   0x0800025a   0x00000006   Code   RO         5379    .ARM.Collect$$_printf_percent$$00000010  c_w.l(_printf_llo.o)
    0x08000260   0x08000260   0x00000006   Code   RO         5380    .ARM.Collect$$_printf_percent$$00000011  c_w.l(_printf_llx.o)
    0x08000266   0x08000266   0x0000000a   Code   RO         5376    .ARM.Collect$$_printf_percent$$00000012  c_w.l(_printf_l.o)
    0x08000270   0x08000270   0x00000006   Code   RO         5269    .ARM.Collect$$_printf_percent$$00000013  c_w.l(_printf_c.o)
    0x08000276   0x08000276   0x00000006   Code   RO         5270    .ARM.Collect$$_printf_percent$$00000014  c_w.l(_printf_s.o)
    0x0800027c   0x0800027c   0x00000006   Code   RO         5377    .ARM.Collect$$_printf_percent$$00000015  c_w.l(_printf_lc.o)
    0x08000282   0x08000282   0x00000006   Code   RO         5378    .ARM.Collect$$_printf_percent$$00000016  c_w.l(_printf_ls.o)
    0x08000288   0x08000288   0x00000004   Code   RO         5371    .ARM.Collect$$_printf_percent$$00000017  c_w.l(_printf_percent_end.o)
    0x0800028c   0x0800028c   0x00000002   Code   RO         5487    .ARM.Collect$$libinit$$00000000  c_w.l(libinit.o)
    0x0800028e   0x0800028e   0x00000004   Code   RO         5501    .ARM.Collect$$libinit$$00000001  c_w.l(libinit2.o)
    0x08000292   0x08000292   0x00000000   Code   RO         5504    .ARM.Collect$$libinit$$00000004  c_w.l(libinit2.o)
    0x08000292   0x08000292   0x00000000   Code   RO         5507    .ARM.Collect$$libinit$$0000000A  c_w.l(libinit2.o)
    0x08000292   0x08000292   0x00000000   Code   RO         5509    .ARM.Collect$$libinit$$0000000C  c_w.l(libinit2.o)
    0x08000292   0x08000292   0x00000000   Code   RO         5511    .ARM.Collect$$libinit$$0000000E  c_w.l(libinit2.o)
    0x08000292   0x08000292   0x00000006   Code   RO         5512    .ARM.Collect$$libinit$$0000000F  c_w.l(libinit2.o)
    0x08000298   0x08000298   0x00000000   Code   RO         5514    .ARM.Collect$$libinit$$00000011  c_w.l(libinit2.o)
    0x08000298   0x08000298   0x0000000c   Code   RO         5515    .ARM.Collect$$libinit$$00000012  c_w.l(libinit2.o)
    0x080002a4   0x080002a4   0x00000000   Code   RO         5516    .ARM.Collect$$libinit$$00000013  c_w.l(libinit2.o)
    0x080002a4   0x080002a4   0x00000000   Code   RO         5518    .ARM.Collect$$libinit$$00000015  c_w.l(libinit2.o)
    0x080002a4   0x080002a4   0x0000000a   Code   RO         5519    .ARM.Collect$$libinit$$00000016  c_w.l(libinit2.o)
    0x080002ae   0x080002ae   0x00000000   Code   RO         5520    .ARM.Collect$$libinit$$00000017  c_w.l(libinit2.o)
    0x080002ae   0x080002ae   0x00000000   Code   RO         5522    .ARM.Collect$$libinit$$00000019  c_w.l(libinit2.o)
    0x080002ae   0x080002ae   0x00000000   Code   RO         5524    .ARM.Collect$$libinit$$0000001B  c_w.l(libinit2.o)
    0x080002ae   0x080002ae   0x00000000   Code   RO         5526    .ARM.Collect$$libinit$$0000001D  c_w.l(libinit2.o)
    0x080002ae   0x080002ae   0x00000000   Code   RO         5528    .ARM.Collect$$libinit$$0000001F  c_w.l(libinit2.o)
    0x080002ae   0x080002ae   0x00000000   Code   RO         5530    .ARM.Collect$$libinit$$00000021  c_w.l(libinit2.o)
    0x080002ae   0x080002ae   0x00000000   Code   RO         5532    .ARM.Collect$$libinit$$00000023  c_w.l(libinit2.o)
    0x080002ae   0x080002ae   0x00000000   Code   RO         5534    .ARM.Collect$$libinit$$00000025  c_w.l(libinit2.o)
    0x080002ae   0x080002ae   0x00000000   Code   RO         5538    .ARM.Collect$$libinit$$0000002C  c_w.l(libinit2.o)
    0x080002ae   0x080002ae   0x00000000   Code   RO         5540    .ARM.Collect$$libinit$$0000002E  c_w.l(libinit2.o)
    0x080002ae   0x080002ae   0x00000000   Code   RO         5542    .ARM.Collect$$libinit$$00000030  c_w.l(libinit2.o)
    0x080002ae   0x080002ae   0x00000000   Code   RO         5544    .ARM.Collect$$libinit$$00000032  c_w.l(libinit2.o)
    0x080002ae   0x080002ae   0x00000002   Code   RO         5545    .ARM.Collect$$libinit$$00000033  c_w.l(libinit2.o)
    0x080002b0   0x080002b0   0x00000002   Code   RO         5573    .ARM.Collect$$libshutdown$$00000000  c_w.l(libshutdown.o)
    0x080002b2   0x080002b2   0x00000000   Code   RO         5587    .ARM.Collect$$libshutdown$$00000002  c_w.l(libshutdown2.o)
    0x080002b2   0x080002b2   0x00000000   Code   RO         5589    .ARM.Collect$$libshutdown$$00000004  c_w.l(libshutdown2.o)
    0x080002b2   0x080002b2   0x00000000   Code   RO         5592    .ARM.Collect$$libshutdown$$00000007  c_w.l(libshutdown2.o)
    0x080002b2   0x080002b2   0x00000000   Code   RO         5595    .ARM.Collect$$libshutdown$$0000000A  c_w.l(libshutdown2.o)
    0x080002b2   0x080002b2   0x00000000   Code   RO         5597    .ARM.Collect$$libshutdown$$0000000C  c_w.l(libshutdown2.o)
    0x080002b2   0x080002b2   0x00000000   Code   RO         5600    .ARM.Collect$$libshutdown$$0000000F  c_w.l(libshutdown2.o)
    0x080002b2   0x080002b2   0x00000002   Code   RO         5601    .ARM.Collect$$libshutdown$$00000010  c_w.l(libshutdown2.o)
    0x080002b4   0x080002b4   0x00000000   Code   RO         5330    .ARM.Collect$$rtentry$$00000000  c_w.l(__rtentry.o)
    0x080002b4   0x080002b4   0x00000000   Code   RO         5399    .ARM.Collect$$rtentry$$00000002  c_w.l(__rtentry2.o)
    0x080002b4   0x080002b4   0x00000006   Code   RO         5411    .ARM.Collect$$rtentry$$00000004  c_w.l(__rtentry4.o)
    0x080002ba   0x080002ba   0x00000000   Code   RO         5401    .ARM.Collect$$rtentry$$00000009  c_w.l(__rtentry2.o)
    0x080002ba   0x080002ba   0x00000004   Code   RO         5402    .ARM.Collect$$rtentry$$0000000A  c_w.l(__rtentry2.o)
    0x080002be   0x080002be   0x00000000   Code   RO         5404    .ARM.Collect$$rtentry$$0000000C  c_w.l(__rtentry2.o)
    0x080002be   0x080002be   0x00000008   Code   RO         5405    .ARM.Collect$$rtentry$$0000000D  c_w.l(__rtentry2.o)
    0x080002c6   0x080002c6   0x00000002   Code   RO         5492    .ARM.Collect$$rtexit$$00000000  c_w.l(rtexit.o)
    0x080002c8   0x080002c8   0x00000000   Code   RO         5547    .ARM.Collect$$rtexit$$00000002  c_w.l(rtexit2.o)
    0x080002c8   0x080002c8   0x00000004   Code   RO         5548    .ARM.Collect$$rtexit$$00000003  c_w.l(rtexit2.o)
    0x080002cc   0x080002cc   0x00000006   Code   RO         5549    .ARM.Collect$$rtexit$$00000004  c_w.l(rtexit2.o)
    0x080002d2   0x080002d2   0x00000002   PAD
    0x080002d4   0x080002d4   0x00000040   Code   RO          392    .text               startup_stm32f40_41xxx.o
    0x08000314   0x08000314   0x00000002   Code   RO         5208    .text               c_w.l(use_no_semi_2.o)
    0x08000316   0x08000316   0x00000002   PAD
    0x08000318   0x08000318   0x00000024   Code   RO         5212    .text               c_w.l(c89vsprintf.o)
    0x0800033c   0x0800033c   0x00000018   Code   RO         5214    .text               c_w.l(__2printf.o)
    0x08000354   0x08000354   0x0000002c   Code   RO         5216    .text               c_w.l(__2sprintf.o)
    0x08000380   0x08000380   0x00000052   Code   RO         5224    .text               c_w.l(_printf_str.o)
    0x080003d2   0x080003d2   0x00000002   PAD
    0x080003d4   0x080003d4   0x00000078   Code   RO         5226    .text               c_w.l(_printf_dec.o)
    0x0800044c   0x0800044c   0x00000094   Code   RO         5246    .text               c_w.l(_printf_hex_int_ll_ptr.o)
    0x080004e0   0x080004e0   0x00000188   Code   RO         5266    .text               c_w.l(__printf_flags_ss_wp.o)
    0x08000668   0x08000668   0x00000024   Code   RO         5274    .text               c_w.l(strstr.o)
    0x0800068c   0x0800068c   0x0000003e   Code   RO         5278    .text               c_w.l(strlen.o)
    0x080006ca   0x080006ca   0x0000008a   Code   RO         5282    .text               c_w.l(rt_memcpy_v6.o)
    0x08000754   0x08000754   0x00000044   Code   RO         5284    .text               c_w.l(rt_memclr.o)
    0x08000798   0x08000798   0x00000080   Code   RO         5286    .text               c_w.l(strcmpv7m.o)
    0x08000818   0x08000818   0x00000006   Code   RO         5288    .text               c_w.l(heapauxi.o)
    0x0800081e   0x0800081e   0x00000002   Code   RO         5328    .text               c_w.l(use_no_semi.o)
    0x08000820   0x08000820   0x0000004e   Code   RO         5335    .text               c_w.l(_printf_pad.o)
    0x0800086e   0x0800086e   0x00000024   Code   RO         5337    .text               c_w.l(_printf_truncate.o)
    0x08000892   0x08000892   0x000000b2   Code   RO         5339    .text               c_w.l(_printf_intcommon.o)
    0x08000944   0x08000944   0x00000028   Code   RO         5341    .text               c_w.l(_printf_charcount.o)
    0x0800096c   0x0800096c   0x00000030   Code   RO         5343    .text               c_w.l(_printf_char_common.o)
    0x0800099c   0x0800099c   0x0000000a   Code   RO         5345    .text               c_w.l(_sputc.o)
    0x080009a6   0x080009a6   0x0000002c   Code   RO         5347    .text               c_w.l(_printf_char.o)
    0x080009d2   0x080009d2   0x00000002   PAD
    0x080009d4   0x080009d4   0x00000024   Code   RO         5349    .text               c_w.l(_printf_char_file.o)
    0x080009f8   0x080009f8   0x000000bc   Code   RO         5351    .text               c_w.l(_printf_wctomb.o)
    0x08000ab4   0x08000ab4   0x0000007c   Code   RO         5354    .text               c_w.l(_printf_longlong_dec.o)
    0x08000b30   0x08000b30   0x00000070   Code   RO         5360    .text               c_w.l(_printf_oct_int_ll.o)
    0x08000ba0   0x08000ba0   0x00000064   Code   RO         5381    .text               c_w.l(rt_memcpy_w.o)
    0x08000c04   0x08000c04   0x0000004e   Code   RO         5383    .text               c_w.l(rt_memclr_w.o)
    0x08000c52   0x08000c52   0x0000008a   Code   RO         5422    .text               c_w.l(lludiv10.o)
    0x08000cdc   0x08000cdc   0x0000041e   Code   RO         5424    .text               c_w.l(_printf_fp_dec.o)
    0x080010fa   0x080010fa   0x0000002c   Code   RO         5428    .text               c_w.l(_printf_wchar.o)
    0x08001126   0x08001126   0x00000008   Code   RO         5430    .text               c_w.l(ferror.o)
    0x0800112e   0x0800112e   0x00000040   Code   RO         5434    .text               c_w.l(_wcrtomb.o)
    0x0800116e   0x0800116e   0x00000002   PAD
    0x08001170   0x08001170   0x00000008   Code   RO         5436    .text               c_w.l(libspace.o)
    0x08001178   0x08001178   0x0000004a   Code   RO         5439    .text               c_w.l(sys_stackheap_outer.o)
    0x080011c2   0x080011c2   0x00000002   PAD
    0x080011c4   0x080011c4   0x00000010   Code   RO         5441    .text               c_w.l(rt_ctype_table.o)
    0x080011d4   0x080011d4   0x00000008   Code   RO         5448    .text               c_w.l(rt_locale_intlibspace.o)
    0x080011dc   0x080011dc   0x00000080   Code   RO         5450    .text               c_w.l(_printf_fp_infnan.o)
    0x0800125c   0x0800125c   0x000000e4   Code   RO         5452    .text               c_w.l(bigflt0.o)
    0x08001340   0x08001340   0x00000012   Code   RO         5480    .text               c_w.l(exit.o)
    0x08001352   0x08001352   0x0000003e   Code   RO         5455    CL$$btod_d2e        c_w.l(btod.o)
    0x08001390   0x08001390   0x00000046   Code   RO         5457    CL$$btod_d2e_denorm_low  c_w.l(btod.o)
    0x080013d6   0x080013d6   0x00000060   Code   RO         5456    CL$$btod_d2e_norm_op1  c_w.l(btod.o)
    0x08001436   0x08001436   0x00000338   Code   RO         5465    CL$$btod_div_common  c_w.l(btod.o)
    0x0800176e   0x0800176e   0x000000dc   Code   RO         5462    CL$$btod_e2e        c_w.l(btod.o)
    0x0800184a   0x0800184a   0x0000002a   Code   RO         5459    CL$$btod_ediv       c_w.l(btod.o)
    0x08001874   0x08001874   0x0000002a   Code   RO         5458    CL$$btod_emul       c_w.l(btod.o)
    0x0800189e   0x0800189e   0x00000244   Code   RO         5464    CL$$btod_mult_common  c_w.l(btod.o)
    0x08001ae2   0x08001ae2   0x00000002   PAD
    0x08001ae4   0x08001ae4   0x00000040   Code   RO         5182    i.BEEP_Init         beep.o
    0x08001b24   0x08001b24   0x00000004   Code   RO          175    i.BusFault_Handler  stm32f4xx_it.o
    0x08001b28   0x08001b28   0x00000064   Code   RO         4216    i.CmdResp1Error     sdio_sdcard.o
    0x08001b8c   0x08001b8c   0x00000002   Code   RO          176    i.DebugMon_Handler  stm32f4xx_it.o
    0x08001b8e   0x08001b8e   0x00000090   Code   RO          932    i.GPIO_Init         stm32f4xx_gpio.o
    0x08001c1e   0x08001c1e   0x00000046   Code   RO          933    i.GPIO_PinAFConfig  stm32f4xx_gpio.o
    0x08001c64   0x08001c64   0x00000004   Code   RO          939    i.GPIO_ResetBits    stm32f4xx_gpio.o
    0x08001c68   0x08001c68   0x00000004   Code   RO          940    i.GPIO_SetBits      stm32f4xx_gpio.o
    0x08001c6c   0x08001c6c   0x00000004   Code   RO          177    i.HardFault_Handler  stm32f4xx_it.o
    0x08001c70   0x08001c70   0x00000040   Code   RO         4188    i.LED_Init          led.o
    0x08001cb0   0x08001cb0   0x00000004   Code   RO          178    i.MemManage_Handler  stm32f4xx_it.o
    0x08001cb4   0x08001cb4   0x00000002   Code   RO          179    i.NMI_Handler       stm32f4xx_it.o
    0x08001cb6   0x08001cb6   0x00000002   PAD
    0x08001cb8   0x08001cb8   0x00000078   Code   RO          550    i.NVIC_Init         misc.o
    0x08001d30   0x08001d30   0x00000014   Code   RO          551    i.NVIC_PriorityGroupConfig  misc.o
    0x08001d44   0x08001d44   0x00000002   Code   RO          180    i.PendSV_Handler    stm32f4xx_it.o
    0x08001d46   0x08001d46   0x00000002   PAD
    0x08001d48   0x08001d48   0x00000020   Code   RO         1033    i.RCC_AHB1PeriphClockCmd  stm32f4xx_rcc.o
    0x08001d68   0x08001d68   0x00000020   Code   RO         1042    i.RCC_APB1PeriphClockCmd  stm32f4xx_rcc.o
    0x08001d88   0x08001d88   0x00000020   Code   RO         1044    i.RCC_APB1PeriphResetCmd  stm32f4xx_rcc.o
    0x08001da8   0x08001da8   0x00000020   Code   RO         1045    i.RCC_APB2PeriphClockCmd  stm32f4xx_rcc.o
    0x08001dc8   0x08001dc8   0x00000020   Code   RO         1047    i.RCC_APB2PeriphResetCmd  stm32f4xx_rcc.o
    0x08001de8   0x08001de8   0x000000e8   Code   RO         1054    i.RCC_GetClocksFreq  stm32f4xx_rcc.o
    0x08001ed0   0x08001ed0   0x0000000c   Code   RO         1730    i.SDIO_ClearFlag    stm32f4xx_sdio.o
    0x08001edc   0x08001edc   0x00000018   Code   RO         1742    i.SDIO_GetFlagStatus  stm32f4xx_sdio.o
    0x08001ef4   0x08001ef4   0x00000008   Code   RO         4225    i.SDIO_IRQHandler   sdio_sdcard.o
    0x08001efc   0x08001efc   0x0000002c   Code   RO         1750    i.SDIO_SendCommand  stm32f4xx_sdio.o
    0x08001f28   0x08001f28   0x00000154   Code   RO         4235    i.SD_ProcessIRQSrc  sdio_sdcard.o
    0x0800207c   0x0800207c   0x00000002   Code   RO          181    i.SVC_Handler       stm32f4xx_it.o
    0x0800207e   0x0800207e   0x00000002   PAD
    0x08002080   0x08002080   0x000000ec   Code   RO          351    i.SetSysClock       system_stm32f4xx.o
    0x0800216c   0x0800216c   0x00000028   Code   RO          554    i.SysTick_CLKSourceConfig  misc.o
    0x08002194   0x08002194   0x00000002   Code   RO          182    i.SysTick_Handler   stm32f4xx_it.o
    0x08002196   0x08002196   0x00000002   PAD
    0x08002198   0x08002198   0x00000068   Code   RO          353    i.SystemInit        system_stm32f4xx.o
    0x08002200   0x08002200   0x00000034   Code   RO         4516    i.TIM7_IRQHandler   timer.o
    0x08002234   0x08002234   0x00000054   Code   RO         4517    i.TIM7_Int_Init     timer.o
    0x08002288   0x08002288   0x00000006   Code   RO         2166    i.TIM_ClearITPendingBit  stm32f4xx_tim.o
    0x0800228e   0x0800228e   0x00000018   Code   RO         2171    i.TIM_Cmd           stm32f4xx_tim.o
    0x080022a6   0x080022a6   0x00000022   Code   RO         2192    i.TIM_GetITStatus   stm32f4xx_tim.o
    0x080022c8   0x080022c8   0x00000012   Code   RO         2196    i.TIM_ITConfig      stm32f4xx_tim.o
    0x080022da   0x080022da   0x00000004   Code   RO         2237    i.TIM_SetCounter    stm32f4xx_tim.o
    0x080022de   0x080022de   0x00000002   PAD
    0x080022e0   0x080022e0   0x00000084   Code   RO         2243    i.TIM_TimeBaseInit  stm32f4xx_tim.o
    0x08002364   0x08002364   0x00000088   Code   RO          497    i.USART1_IRQHandler  usart.o
    0x080023ec   0x080023ec   0x0000007c   Code   RO         4899    i.USART3_IRQHandler  usart3.o
    0x08002468   0x08002468   0x00000012   Code   RO         2721    i.USART_ClearFlag   stm32f4xx_usart.o
    0x0800247a   0x0800247a   0x00000018   Code   RO         2725    i.USART_Cmd         stm32f4xx_usart.o
    0x08002492   0x08002492   0x00000002   PAD
    0x08002494   0x08002494   0x000000f0   Code   RO         2727    i.USART_DeInit      stm32f4xx_usart.o
    0x08002584   0x08002584   0x0000001a   Code   RO         2728    i.USART_GetFlagStatus  stm32f4xx_usart.o
    0x0800259e   0x0800259e   0x00000054   Code   RO         2729    i.USART_GetITStatus  stm32f4xx_usart.o
    0x080025f2   0x080025f2   0x0000004a   Code   RO         2731    i.USART_ITConfig    stm32f4xx_usart.o
    0x0800263c   0x0800263c   0x000000d4   Code   RO         2732    i.USART_Init        stm32f4xx_usart.o
    0x08002710   0x08002710   0x0000000a   Code   RO         2739    i.USART_ReceiveData  stm32f4xx_usart.o
    0x0800271a   0x0800271a   0x00000008   Code   RO         2742    i.USART_SendData    stm32f4xx_usart.o
    0x08002722   0x08002722   0x00000004   Code   RO          183    i.UsageFault_Handler  stm32f4xx_it.o
    0x08002726   0x08002726   0x00000030   Code   RO         5490    i.__ARM_fpclassify  m_wm.l(fpclassify.o)
    0x08002756   0x08002756   0x0000000e   Code   RO         5259    i._is_digit         c_w.l(__printf_wp.o)
    0x08002764   0x08002764   0x00000006   Code   RO          498    i._sys_exit         usart.o
    0x0800276a   0x0800276a   0x00000002   PAD
    0x0800276c   0x0800276c   0x00000050   Code   RO         4948    i.atk_8266_ip_set   esp8266.o
    0x080027bc   0x080027bc   0x0000003c   Code   RO          399    i.delay_init        delay.o
    0x080027f8   0x080027f8   0x00000038   Code   RO          400    i.delay_ms          delay.o
    0x08002830   0x08002830   0x0000004c   Code   RO          402    i.delay_xms         delay.o
    0x0800287c   0x0800287c   0x00000114   Code   RO         4949    i.esp8266_ap_mode_config  esp8266.o
    0x08002990   0x08002990   0x00000034   Code   RO         4950    i.esp8266_check_cmd  esp8266.o
    0x080029c4   0x080029c4   0x000000c4   Code   RO         4951    i.esp8266_mode_config  esp8266.o
    0x08002a88   0x08002a88   0x00000070   Code   RO         4952    i.esp8266_quit_trans  esp8266.o
    0x08002af8   0x08002af8   0x0000005c   Code   RO         4953    i.esp8266_receive_data  esp8266.o
    0x08002b54   0x08002b54   0x00000060   Code   RO         4954    i.esp8266_send_cmd  esp8266.o
    0x08002bb4   0x08002bb4   0x00000088   Code   RO         4955    i.esp8266_send_data  esp8266.o
    0x08002c3c   0x08002c3c   0x00000078   Code   RO         4956    i.esp8266_set_mode  esp8266.o
    0x08002cb4   0x08002cb4   0x00000150   Code   RO         4957    i.esp8266_sta_mode_config  esp8266.o
    0x08002e04   0x08002e04   0x0000001c   Code   RO          499    i.fputc             usart.o
    0x08002e20   0x08002e20   0x000001c4   Code   RO            4    i.main              main.o
    0x08002fe4   0x08002fe4   0x00000044   Code   RO         4960    i.set_wifi_sta      esp8266.o
    0x08003028   0x08003028   0x00000050   Code   RO         4900    i.u3_printf         usart3.o
    0x08003078   0x08003078   0x000000b4   Code   RO          500    i.uart_init         usart.o
    0x0800312c   0x0800312c   0x000000d8   Code   RO         4901    i.usart3_init       usart3.o
    0x08003204   0x08003204   0x0000002c   Code   RO         5478    locale$$code        c_w.l(lc_numeric_c.o)
    0x08003230   0x08003230   0x0000002c   Code   RO         5495    locale$$code        c_w.l(lc_ctype_c.o)
    0x0800325c   0x0800325c   0x0000000a   Code   RO         5561    x$fpl$fpinit        fz_wm.l(fpinit.o)
    0x08003266   0x08003266   0x00000004   Code   RO         5395    x$fpl$printf1       fz_wm.l(printf1.o)
    0x0800326a   0x0800326a   0x00000000   Code   RO         5397    x$fpl$usenofp       fz_wm.l(usenofp.o)
    0x0800326a   0x0800326a   0x00000028   Data   RO         5247    .constdata          c_w.l(_printf_hex_int_ll_ptr.o)
    0x08003292   0x08003292   0x00000011   Data   RO         5267    .constdata          c_w.l(__printf_flags_ss_wp.o)
    0x080032a3   0x080032a3   0x00000001   PAD
    0x080032a4   0x080032a4   0x00000008   Data   RO         5352    .constdata          c_w.l(_printf_wctomb.o)
    0x080032ac   0x080032ac   0x00000094   Data   RO         5453    .constdata          c_w.l(bigflt0.o)
    0x08003340   0x08003340   0x00000034   Data   RO            6    .conststring        main.o
    0x08003374   0x08003374   0x00000005   Data   RO         4962    .conststring        esp8266.o
    0x08003379   0x08003379   0x00000003   PAD
    0x0800337c   0x0800337c   0x00000020   Data   RO         5619    Region$$Table       anon$$obj.o
    0x0800339c   0x0800339c   0x0000001c   Data   RO         5477    locale$$data        c_w.l(lc_numeric_c.o)
    0x080033b8   0x080033b8   0x00000110   Data   RO         5494    locale$$data        c_w.l(lc_ctype_c.o)


    Execution Region RW_IRAM1 (Exec base: 0x20000000, Load base: 0x080034c8, Size: 0x00000e58, Max: 0x00020000, ABSOLUTE)

    Exec Addr    Load Addr    Size         Type   Attr      Idx    E Section Name        Object

    0x20000000   0x080034c8   0x00000015   Data   RW            7    .data               main.o
    0x20000015   0x080034dd   0x00000001   PAD
    0x20000016   0x080034de   0x00000004   Data   RW          403    .data               delay.o
    0x2000001a   0x080034e2   0x00000002   PAD
    0x2000001c   0x080034e4   0x00000006   Data   RW          502    .data               usart.o
    0x20000022   0x080034ea   0x00000010   Data   RW         1086    .data               stm32f4xx_rcc.o
    0x20000032   0x080034fa   0x00000002   PAD
    0x20000034   0x080034fc   0x00000010   Data   RW         4247    .data               sdio_sdcard.o
    0x20000044   0x0800350c   0x00000003   Data   RW         4903    .data               usart3.o
    0x20000047   0x0800350f   0x00000001   PAD
    0x20000048   0x08003510   0x0000000c   Data   RW         4963    .data               esp8266.o
    0x20000054        -       0x000000c8   Zero   RW          501    .bss                usart.o
    0x2000011c   0x0800351c   0x00000004   PAD
    0x20000120        -       0x000002c0   Zero   RW         4246    .bss                sdio_sdcard.o
    0x200003e0        -       0x00000320   Zero   RW         4902    .bss                usart3.o
    0x20000700        -       0x000000f8   Zero   RW         4961    .bss                esp8266.o
    0x200007f8        -       0x00000060   Zero   RW         5437    .bss                c_w.l(libspace.o)
    0x20000858        -       0x00000200   Zero   RW          390    HEAP                startup_stm32f40_41xxx.o
    0x20000a58        -       0x00000400   Zero   RW          389    STACK               startup_stm32f40_41xxx.o



  Load Region LR$$.ARM.__AT_0x10000000 (Base: 0x10000000, Size: 0x00000000, Max: 0x0000f000, ABSOLUTE)

    Execution Region ER$$.ARM.__AT_0x10000000 (Exec base: 0x10000000, Load base: 0x10000000, Size: 0x0000f000, Max: 0x0000f000, ABSOLUTE, UNINIT)

    Exec Addr    Load Addr    Size         Type   Attr      Idx    E Section Name        Object

    0x10000000        -       0x0000f000   Zero   RW         2922    .ARM.__AT_0x10000000  malloc.o



  Load Region LR$$.ARM.__AT_0x1000F000 (Base: 0x1000f000, Size: 0x00000000, Max: 0x00000f00, ABSOLUTE)

    Execution Region ER$$.ARM.__AT_0x1000F000 (Exec base: 0x1000f000, Load base: 0x1000f000, Size: 0x00000f00, Max: 0x00000f00, ABSOLUTE, UNINIT)

    Exec Addr    Load Addr    Size         Type   Attr      Idx    E Section Name        Object

    0x1000f000        -       0x00000f00   Zero   RW         2923    .ARM.__AT_0x1000F000  malloc.o



  Load Region LR$$.ARM.__AT_0x68000000 (Base: 0x68000000, Size: 0x00000000, Max: 0x000f0000, ABSOLUTE)

    Execution Region ER$$.ARM.__AT_0x68000000 (Exec base: 0x68000000, Load base: 0x68000000, Size: 0x000f0000, Max: 0x000f0000, ABSOLUTE, UNINIT)

    Exec Addr    Load Addr    Size         Type   Attr      Idx    E Section Name        Object

    0x68000000        -       0x000f0000   Zero   RW         2924    .ARM.__AT_0x68000000  malloc.o



  Load Region LR$$.ARM.__AT_0x680F0000 (Base: 0x680f0000, Size: 0x00000000, Max: 0x0000f000, ABSOLUTE)

    Execution Region ER$$.ARM.__AT_0x680F0000 (Exec base: 0x680f0000, Load base: 0x680f0000, Size: 0x0000f000, Max: 0x0000f000, ABSOLUTE, UNINIT)

    Exec Addr    Load Addr    Size         Type   Attr      Idx    E Section Name        Object

    0x680f0000        -       0x0000f000   Zero   RW         2925    .ARM.__AT_0x680F0000  malloc.o


==============================================================================

Image component sizes


      Code (inc. data)   RO Data    RW Data    ZI Data      Debug   Object Name

        64          4          0          0          0        528   beep.o
       192         12          0          4          0     231052   delay.o
      1564        592          5         12        248       7932   esp8266.o
         0          0          0          0          0        560   ff.o
        64          4          0          0          0        523   led.o
       452        132         52         21          0     233746   main.o
         0          0          0          0    1109760       1726   malloc.o
       180         24          0          0          0       2033   misc.o
       448         28          0         16        704      11446   sdio_sdcard.o
        64         26        392          0       1536        828   startup_stm32f40_41xxx.o
       222          0          0          0          0       2815   stm32f4xx_gpio.o
        26          0          0          0          0      61030   stm32f4xx_it.o
       392         48          0         16          0       5713   stm32f4xx_rcc.o
        80         14          0          0          0       3445   stm32f4xx_sdio.o
       218         28          0          0          0       4139   stm32f4xx_tim.o
       696         42          0          0          0       6610   stm32f4xx_usart.o
       340         32          0          0          0       1437   system_stm32f4xx.o
       136         16          0          0          0       1182   timer.o
       350         28          0          6        200       4228   usart.o
       420         48          0          3        800       2734   usart3.o

    ----------------------------------------------------------------------
      5922       1078        484         84    1113252     583707   Object Totals
         0          0         32          0          0          0   (incl. Generated)
        14          0          3          6          4          0   (incl. Padding)

    ----------------------------------------------------------------------

      Code (inc. data)   RO Data    RW Data    ZI Data      Debug   Library Member Name

        24          4          0          0          0         84   __2printf.o
        44          6          0          0          0         84   __2sprintf.o
         8          0          0          0          0         68   __main.o
       392          4         17          0          0         92   __printf_flags_ss_wp.o
        14          0          0          0          0         68   __printf_wp.o
         0          0          0          0          0          0   __rtentry.o
        12          0          0          0          0          0   __rtentry2.o
         6          0          0          0          0          0   __rtentry4.o
        52          8          0          0          0          0   __scatter.o
        26          0          0          0          0          0   __scatter_copy.o
        28          0          0          0          0          0   __scatter_zi.o
         6          0          0          0          0          0   _printf_a.o
         6          0          0          0          0          0   _printf_c.o
        44          0          0          0          0        108   _printf_char.o
        48          6          0          0          0         96   _printf_char_common.o
        36          4          0          0          0         80   _printf_char_file.o
        40          0          0          0          0         68   _printf_charcount.o
         6          0          0          0          0          0   _printf_d.o
       120         16          0          0          0         92   _printf_dec.o
         6          0          0          0          0          0   _printf_e.o
         6          0          0          0          0          0   _printf_f.o
      1054          0          0          0          0        216   _printf_fp_dec.o
       128         16          0          0          0         84   _printf_fp_infnan.o
         6          0          0          0          0          0   _printf_g.o
       148          4         40          0          0        160   _printf_hex_int_ll_ptr.o
         6          0          0          0          0          0   _printf_i.o
       178          0          0          0          0         88   _printf_intcommon.o
        10          0          0          0          0          0   _printf_l.o
         6          0          0          0          0          0   _printf_lc.o
        10          0          0          0          0          0   _printf_ll.o
         6          0          0          0          0          0   _printf_lld.o
         6          0          0          0          0          0   _printf_lli.o
         6          0          0          0          0          0   _printf_llo.o
         6          0          0          0          0          0   _printf_llu.o
         6          0          0          0          0          0   _printf_llx.o
       124         16          0          0          0         92   _printf_longlong_dec.o
         6          0          0          0          0          0   _printf_ls.o
         6          0          0          0          0          0   _printf_n.o
         6          0          0          0          0          0   _printf_o.o
       112         10          0          0          0        124   _printf_oct_int_ll.o
         6          0          0          0          0          0   _printf_p.o
        78          0          0          0          0        108   _printf_pad.o
         0          0          0          0          0          0   _printf_percent.o
         4          0          0          0          0          0   _printf_percent_end.o
         6          0          0          0          0          0   _printf_s.o
        82          0          0          0          0         80   _printf_str.o
        36          0          0          0          0         84   _printf_truncate.o
         6          0          0          0          0          0   _printf_u.o
        44          0          0          0          0        108   _printf_wchar.o
       188          6          8          0          0         92   _printf_wctomb.o
         6          0          0          0          0          0   _printf_x.o
        10          0          0          0          0         68   _sputc.o
        64          0          0          0          0         92   _wcrtomb.o
       228          4        148          0          0         96   bigflt0.o
      1936        128          0          0          0        672   btod.o
        36          4          0          0          0         76   c89vsprintf.o
        18          0          0          0          0         80   exit.o
         8          0          0          0          0         68   ferror.o
         6          0          0          0          0        152   heapauxi.o
        44         10        272          0          0         76   lc_ctype_c.o
        44         10         28          0          0         76   lc_numeric_c.o
         2          0          0          0          0          0   libinit.o
        34          0          0          0          0          0   libinit2.o
         2          0          0          0          0          0   libshutdown.o
         2          0          0          0          0          0   libshutdown2.o
         8          4          0          0         96         68   libspace.o
       138          0          0          0          0         80   lludiv10.o
        16          4          0          0          0         76   rt_ctype_table.o
         8          4          0          0          0         68   rt_locale_intlibspace.o
        68          0          0          0          0         68   rt_memclr.o
        78          0          0          0          0         80   rt_memclr_w.o
       138          0          0          0          0         68   rt_memcpy_v6.o
       100          0          0          0          0         80   rt_memcpy_w.o
         2          0          0          0          0          0   rtexit.o
        10          0          0          0          0          0   rtexit2.o
       128          0          0          0          0         68   strcmpv7m.o
        62          0          0          0          0         76   strlen.o
        36          0          0          0          0         80   strstr.o
        74          0          0          0          0         80   sys_stackheap_outer.o
         2          0          0          0          0         68   use_no_semi.o
         2          0          0          0          0         68   use_no_semi_2.o
        10          0          0          0          0        116   fpinit.o
         4          0          0          0          0        116   printf1.o
         0          0          0          0          0          0   usenofp.o
        48          0          0          0          0        124   fpclassify.o

    ----------------------------------------------------------------------
      6592        268        514          0         96       4916   Library Totals
        16          0          1          0          0          0   (incl. Padding)

    ----------------------------------------------------------------------

      Code (inc. data)   RO Data    RW Data    ZI Data      Debug   Library Name

      6514        268        513          0         96       4560   c_w.l
        14          0          0          0          0        232   fz_wm.l
        48          0          0          0          0        124   m_wm.l

    ----------------------------------------------------------------------
      6592        268        514          0         96       4916   Library Totals

    ----------------------------------------------------------------------

==============================================================================


      Code (inc. data)   RO Data    RW Data    ZI Data      Debug   

     12514       1346        998         84    1113348     579275   Grand Totals
     12514       1346        998         84    1113348     579275   ELF Image Totals
     12514       1346        998         84          0          0   ROM Totals

==============================================================================

    Total RO  Size (Code + RO Data)                13512 (  13.20kB)
    Total RW  Size (RW Data + ZI Data)           1113432 (1087.34kB)
    Total ROM Size (Code + RO Data + RW Data)      13596 (  13.28kB)

==============================================================================

